
Discarded input sections

 .group         0x0000000000000000        0xc ./src/main.o
 .group         0x0000000000000000        0xc ./src/main.o
 .group         0x0000000000000000        0xc ./src/main.o
 .group         0x0000000000000000        0xc ./src/main.o
 .group         0x0000000000000000        0xc ./src/main.o
 .group         0x0000000000000000        0xc ./src/main.o
 .group         0x0000000000000000        0xc ./src/main.o
 .group         0x0000000000000000        0xc ./src/main.o
 .group         0x0000000000000000        0xc ./src/main.o
 .group         0x0000000000000000        0xc ./src/main.o
 .group         0x0000000000000000        0xc ./src/main.o
 .group         0x0000000000000000        0xc ./src/main.o
 .group         0x0000000000000000        0xc ./src/main.o
 .group         0x0000000000000000        0xc ./src/main.o
 .group         0x0000000000000000        0xc ./src/main.o
 .group         0x0000000000000000        0xc ./src/main.o
 .group         0x0000000000000000        0xc ./src/main.o
 .group         0x0000000000000000        0xc ./src/main.o
 .group         0x0000000000000000        0xc ./src/main.o
 .group         0x0000000000000000        0xc ./src/main.o
 .group         0x0000000000000000        0xc ./src/main.o
 .group         0x0000000000000000        0xc ./src/main.o
 .group         0x0000000000000000        0xc ./src/main.o
 .group         0x0000000000000000        0xc ./src/main.o
 .group         0x0000000000000000        0xc ./src/main.o
 .group         0x0000000000000000        0xc ./src/main.o
 .group         0x0000000000000000        0xc ./src/main.o
 .data          0x0000000000000000        0x0 ./src/main.o
 .data          0x0000000000000000        0x0 ./runtime/crt0.o
 .bss           0x0000000000000000        0x0 ./runtime/crt0.o
 .group         0x0000000000000000        0xc ./HAL/peripherals/Source/mik32_hal.o
 .group         0x0000000000000000        0xc ./HAL/peripherals/Source/mik32_hal.o
 .group         0x0000000000000000        0xc ./HAL/peripherals/Source/mik32_hal.o
 .group         0x0000000000000000        0xc ./HAL/peripherals/Source/mik32_hal.o
 .group         0x0000000000000000        0xc ./HAL/peripherals/Source/mik32_hal.o
 .group         0x0000000000000000        0xc ./HAL/peripherals/Source/mik32_hal.o
 .group         0x0000000000000000        0xc ./HAL/peripherals/Source/mik32_hal.o
 .group         0x0000000000000000        0xc ./HAL/peripherals/Source/mik32_hal.o
 .group         0x0000000000000000        0xc ./HAL/peripherals/Source/mik32_hal.o
 .group         0x0000000000000000        0xc ./HAL/peripherals/Source/mik32_hal.o
 .group         0x0000000000000000        0xc ./HAL/peripherals/Source/mik32_hal.o
 .group         0x0000000000000000        0xc ./HAL/peripherals/Source/mik32_hal.o
 .group         0x0000000000000000        0xc ./HAL/peripherals/Source/mik32_hal.o
 .group         0x0000000000000000        0xc ./HAL/peripherals/Source/mik32_hal.o
 .group         0x0000000000000000        0xc ./HAL/peripherals/Source/mik32_hal.o
 .group         0x0000000000000000        0xc ./HAL/peripherals/Source/mik32_hal.o
 .group         0x0000000000000000        0xc ./HAL/peripherals/Source/mik32_hal.o
 .group         0x0000000000000000        0xc ./HAL/peripherals/Source/mik32_hal.o
 .group         0x0000000000000000        0xc ./HAL/peripherals/Source/mik32_hal.o
 .text          0x0000000000000000       0x22 ./HAL/peripherals/Source/mik32_hal.o
 .data          0x0000000000000000        0x0 ./HAL/peripherals/Source/mik32_hal.o
 .bss           0x0000000000000000        0x0 ./HAL/peripherals/Source/mik32_hal.o
 .debug_info    0x0000000000000000      0x1c1 ./HAL/peripherals/Source/mik32_hal.o
 .debug_abbrev  0x0000000000000000       0xbd ./HAL/peripherals/Source/mik32_hal.o
 .debug_aranges
                0x0000000000000000       0x20 ./HAL/peripherals/Source/mik32_hal.o
 .debug_macro   0x0000000000000000       0xf1 ./HAL/peripherals/Source/mik32_hal.o
 .debug_macro   0x0000000000000000      0x77e ./HAL/peripherals/Source/mik32_hal.o
 .debug_macro   0x0000000000000000       0x16 ./HAL/peripherals/Source/mik32_hal.o
 .debug_macro   0x0000000000000000      0x17e ./HAL/peripherals/Source/mik32_hal.o
 .debug_macro   0x0000000000000000       0x22 ./HAL/peripherals/Source/mik32_hal.o
 .debug_macro   0x0000000000000000       0x52 ./HAL/peripherals/Source/mik32_hal.o
 .debug_macro   0x0000000000000000       0x19 ./HAL/peripherals/Source/mik32_hal.o
 .debug_macro   0x0000000000000000       0x94 ./HAL/peripherals/Source/mik32_hal.o
 .debug_macro   0x0000000000000000       0x34 ./HAL/peripherals/Source/mik32_hal.o
 .debug_macro   0x0000000000000000      0x103 ./HAL/peripherals/Source/mik32_hal.o
 .debug_macro   0x0000000000000000       0x3a ./HAL/peripherals/Source/mik32_hal.o
 .debug_macro   0x0000000000000000       0x57 ./HAL/peripherals/Source/mik32_hal.o
 .debug_macro   0x0000000000000000       0x6a ./HAL/peripherals/Source/mik32_hal.o
[...]
Memory Configuration

Name             Origin             Length             Attributes
rom              0x0000000001000000 0x0000000000002000 xr
ram              0x0000000002000000 0x0000000000004000 xrw
*default*        0x0000000000000000 0xffffffffffffffff

Linker script and memory map

LOAD ./src/main.o
LOAD ./runtime/crt0.o
LOAD ./HAL/peripherals/Source/mik32_hal.o
LOAD ./HAL/peripherals/Source/mik32_hal_adc.o
LOAD ./HAL/peripherals/Source/mik32_hal_crc32.o
LOAD ./HAL/peripherals/Source/mik32_hal_crypto.o
LOAD ./HAL/peripherals/Source/mik32_hal_dac.o
LOAD ./HAL/peripherals/Source/mik32_hal_dma.o
LOAD ./HAL/peripherals/Source/mik32_hal_gpio.o
LOAD ./HAL/peripherals/Source/mik32_hal_i2c.o
LOAD ./HAL/peripherals/Source/mik32_hal_irq.o
LOAD ./HAL/peripherals/Source/mik32_hal_otp.o
LOAD ./HAL/peripherals/Source/mik32_hal_pcc.o
LOAD ./HAL/peripherals/Source/mik32_hal_rtc.o
LOAD ./HAL/peripherals/Source/mik32_hal_spi.o
LOAD ./HAL/peripherals/Source/mik32_hal_spifi.o
LOAD ./HAL/peripherals/Source/mik32_hal_timer16.o
LOAD ./HAL/peripherals/Source/mik32_hal_timer32.o
LOAD ./HAL/core/Source/mik32_hal_scr1_timer.o
                0x0000000000000400                STACK_SIZE = 0x400
                0x0000000000000010                CL_SIZE = 0x10

.text           0x0000000001000000      0x8d0
                0x0000000001000000                PROVIDE (__TEXT_START__ = .)
 *crt0.o(.text .text.*)
 .text          0x0000000001000000       0x76 ./runtime/crt0.o
                0x0000000001000000                _start
                0x0000000001000074                SystemInit
                0x0000000001000074                SmallSystemInit
 *(.text.smallsysteminit)
 *(.text.SmallSystemInit)
                0x00000000010000c0                . = (ORIGIN (rom) + 0xc0)
 *fill*         0x0000000001000076       0x4a 
 *crt0.o(.trap_text)
 .trap_text     0x00000000010000c0       0x94 ./runtime/crt0.o
                0x00000000010000c0                trap_entry
                0x00000000010000c4                raw_trap_handler
 *(.text)
 .text          0x0000000001000154      0x2e2 ./src/main.o
                0x0000000001000154                trap_handler
                0x0000000001000156                read_sreg
                0x0000000001000186                write_enable
                0x000000000100019c                wait_busy
                0x00000000010001e6                SPIFI_Config
 .text          0x0000000001000436      0x278 ./HAL/peripherals/Source/mik32_hal_gpio.o
                0x0000000001000436                HAL_GPIO_Init
                0x0000000001000558                HAL_GPIO_ReadPin
                0x0000000001000568                HAL_GPIO_WritePin
                0x0000000001000572                HAL_GPIO_TogglePin
                0x000000000100057a                HAL_GPIO_InitInterruptLine
                0x0000000001000622                HAL_GPIO_DeInitInterruptLine
                0x000000000100066e                HAL_GPIO_LineInterruptState
                0x0000000001000688                HAL_GPIO_LinePinState
                0x00000000010006a0                HAL_GPIO_ClearInterrupts
 .text          0x00000000010006ae      0x14e ./HAL/peripherals/Source/mik32_hal_spifi.o
                0x00000000010006ae                HAL_SPIFI_MspInit
                0x00000000010006fc                HAL_SPIFI_MemoryMode_Init
                0x0000000001000752                SPIFI_WaitIntrqTimeout
                0x000000000100075c                HAL_SPIFI_SendCommand
                0x00000000010007de                HAL_SPIFI_IsMemoryModeEnabled
                0x00000000010007e6                HAL_SPIFI_Reset
                0x00000000010007ee                HAL_SPIFI_IsReady
 *(.text.*)
 .text.startup  0x00000000010007fc       0xcc ./src/main.o
                0x00000000010007fc                main
 *(.rodata)
 *(.rodata.*)
                0x00000000010008d0                . = ALIGN (CL_SIZE)
 *fill*         0x00000000010008c8        0x8 
                0x00000000010008d0                PROVIDE (__TEXT_END__ = .)

.rela.dyn       0x00000000010008d0        0x0
 .rela.text.startup
                0x00000000010008d0        0x0 ./src/main.o
 .rela.text     0x00000000010008d0        0x0 ./src/main.o
 .rela.trap_text
                0x00000000010008d0        0x0 ./src/main.o

.data           0x0000000002000000        0x0 load address 0x00000000010008d0
                0x0000000002000000                PROVIDE (__DATA_START__ = .)
                0x0000000002000000                _gp = .
 *(.srodata.cst16)
 *(.srodata.cst8)
 *(.srodata.cst4)
 *(.srodata.cst2)
 *(.srodata*)
 *(.sdata .sdata.* .gnu.linkonce.s.*)
 *(.data .data.*)
                0x0000000002000000                . = ALIGN (CL_SIZE)
                0x00000000010008d0                __DATA_IMAGE_START__ = LOADADDR (.data)
                0x00000000010008d0                __DATA_IMAGE_END__ = (LOADADDR (.data) + SIZEOF (.data))
                0x0000000000000001                ASSERT ((__DATA_IMAGE_END__ < (ORIGIN (rom) + LENGTH (rom))), Data image overflows rom section)

.tdata          0x0000000002000000        0x0
                [!provide]                        PROVIDE (_tls_data = .)
                [!provide]                        PROVIDE (_tdata_begin = .)
 *(.tdata .tdata.*)
                [!provide]                        PROVIDE (_tdata_end = .)
                0x0000000002000000                . = ALIGN (CL_SIZE)

.tbss           0x0000000002000000        0x0
                0x0000000002000000                PROVIDE (__BSS_START__ = .)
 *(.tbss .tbss.*)
                0x0000000002000000                . = ALIGN (CL_SIZE)
                [!provide]                        PROVIDE (_tbss_end = .)

.sbss           0x0000000002000000        0x4
 *(.sbss .sbss.* .gnu.linkonce.sb.*)
 .sbss          0x0000000002000000        0x4 ./HAL/peripherals/Source/mik32_hal_gpio.o
                0x0000000002000000                current_irq_line_mux
 *(.scommon)

.bss            0x0000000002000004      0x13c
 *(.bss .bss.*)
 .bss           0x0000000002000004      0x13c ./src/main.o
                0x0000000002000004                spifi_read_sreg
                0x000000000200001c                spifi
                0x0000000002000044                spifi_write_enable
                0x000000000200005c                spifi_write_sreg
                0x0000000002000074                spifi_write_sreg12
                0x000000000200008c                spifi_memory_read
                0x00000000020000a0                spifi_quad_memory_read
                0x00000000020000b4                spifi_quad_addr_memory_read
                0x00000000020000c8                spifi_fast_read_dual
                0x00000000020000dc                spifi_fast_read_dual_io
                0x00000000020000f0                spifi_fast_read_quad_io_init
                0x0000000002000108                spifi_mem_config
                0x0000000002000128                spifi_wait_busy
                0x0000000002000140                . = ALIGN (CL_SIZE)
                0x0000000002000140                PROVIDE (__BSS_END__ = .)
                0x0000000002000140                _end = .
                [!provide]                        PROVIDE (__end = .)

.stack          0x0000000002003c00      0x400
 FILL mask 0x00000000
                [!provide]                        PROVIDE (__STACK_START__ = .)
                0x0000000002004000                . = (. + STACK_SIZE)
 *fill*         0x0000000002003c00      0x400 00000000
                0x0000000002004000                PROVIDE (__C_STACK_TOP__ = .)
                [!provide]                        PROVIDE (__STACK_END__ = .)

/DISCARD/
 *(.eh_frame .eh_frame.*)
OUTPUT(Bootloader.elf elf32-littleriscv)

.debug_info     0x0000000000000000     0x23c3
 .debug_info    0x0000000000000000      0xd1e ./src/main.o
 .debug_info    0x0000000000000d1e       0x23 ./runtime/crt0.o
 .debug_info    0x0000000000000d41      0xbd5 ./HAL/peripherals/Source/mik32_hal_gpio.o
 .debug_info    0x0000000000001916      0xaad ./HAL/peripherals/Source/mik32_hal_spifi.o

.debug_abbrev   0x0000000000000000      0x6c4
 .debug_abbrev  0x0000000000000000      0x2b7 ./src/main.o
 .debug_abbrev  0x00000000000002b7       0x12 ./runtime/crt0.o
 .debug_abbrev  0x00000000000002c9      0x1e4 ./HAL/peripherals/Source/mik32_hal_gpio.o
 .debug_abbrev  0x00000000000004ad      0x217 ./HAL/peripherals/Source/mik32_hal_spifi.o

.debug_loclists
                0x0000000000000000      0x5e0
 .debug_loclists
                0x0000000000000000       0xe2 ./src/main.o
 .debug_loclists
                0x00000000000000e2      0x355 ./HAL/peripherals/Source/mik32_hal_gpio.o
 .debug_loclists
                0x0000000000000437      0x1a9 ./HAL/peripherals/Source/mik32_hal_spifi.o

.debug_aranges  0x0000000000000000       0x90
 .debug_aranges
                0x0000000000000000       0x28 ./src/main.o
 .debug_aranges
                0x0000000000000028       0x28 ./runtime/crt0.o
 .debug_aranges
                0x0000000000000050       0x20 ./HAL/peripherals/Source/mik32_hal_gpio.o
 .debug_aranges
                0x0000000000000070       0x20 ./HAL/peripherals/Source/mik32_hal_spifi.o

.debug_rnglists
                0x0000000000000000       0xbd
 .debug_rnglists
                0x0000000000000000       0xa3 ./src/main.o
 .debug_rnglists
                0x00000000000000a3       0x1a ./runtime/crt0.o

.debug_macro    0x0000000000000000     0x3cfb
 .debug_macro   0x0000000000000000      0x148 ./src/main.o
 .debug_macro   0x0000000000000148      0x77e ./src/main.o
 .debug_macro   0x00000000000008c6     0x1886 ./src/main.o
 .debug_macro   0x000000000000214c       0x76 ./src/main.o
 .debug_macro   0x00000000000021c2      0x505 ./src/main.o
 .debug_macro   0x00000000000026c7       0x16 ./src/main.o
 .debug_macro   0x00000000000026dd       0x22 ./src/main.o
 .debug_macro   0x00000000000026ff       0x52 ./src/main.o
 .debug_macro   0x0000000000002751       0x19 ./src/main.o
 .debug_macro   0x000000000000276a       0x94 ./src/main.o
 .debug_macro   0x00000000000027fe       0x34 ./src/main.o
 .debug_macro   0x0000000000002832      0x103 ./src/main.o
 .debug_macro   0x0000000000002935       0x3a ./src/main.o
 .debug_macro   0x000000000000296f       0x57 ./src/main.o
 .debug_macro   0x00000000000029c6       0x6a ./src/main.o
 .debug_macro   0x0000000000002a30      0x1df ./src/main.o
 .debug_macro   0x0000000000002c0f       0x89 ./src/main.o
 .debug_macro   0x0000000000002c98      0x4cc ./src/main.o
 .debug_macro   0x0000000000003164       0x34 ./src/main.o
 .debug_macro   0x0000000000003198       0x22 ./src/main.o
 .debug_macro   0x00000000000031ba       0x16 ./src/main.o
 .debug_macro   0x00000000000031d0      0x17e ./src/main.o
 .debug_macro   0x000000000000334e      0x1c0 ./src/main.o
 .debug_macro   0x000000000000350e      0x300 ./src/main.o
 .debug_macro   0x000000000000380e       0x1c ./src/main.o
 .debug_macro   0x000000000000382a       0x4c ./src/main.o
 .debug_macro   0x0000000000003876      0x1fc ./src/main.o
 .debug_macro   0x0000000000003a72       0x76 ./src/main.o
 .debug_macro   0x0000000000003ae8       0xeb ./HAL/peripherals/Source/mik32_hal_gpio.o
 .debug_macro   0x0000000000003bd3      0x128 ./HAL/peripherals/Source/mik32_hal_spifi.o

.debug_line     0x0000000000000000     0x1958
 .debug_line    0x0000000000000000      0xabf ./src/main.o
 .debug_line    0x0000000000000abf       0xdf ./runtime/crt0.o
 .debug_line    0x0000000000000b9e      0x83f ./HAL/peripherals/Source/mik32_hal_gpio.o
 .debug_line    0x00000000000013dd      0x57b ./HAL/peripherals/Source/mik32_hal_spifi.o

.debug_str      0x0000000000000000    0x122d7
 .debug_str     0x0000000000000000    0x10ea4 ./src/main.o
                                      0x111fb (size before relaxing)
 .debug_str     0x0000000000010ea4       0x4d ./runtime/crt0.o
 .debug_str     0x0000000000010ef1     0x1350 ./HAL/peripherals/Source/mik32_hal_gpio.o
                                       0x7ff7 (size before relaxing)
 .debug_str     0x0000000000012241       0x96 ./HAL/peripherals/Source/mik32_hal_spifi.o
                                       0xbd19 (size before relaxing)

.debug_line_str
                0x0000000000000000      0x379
 .debug_line_str
                0x0000000000000000      0x2f6 ./src/main.o
                                        0x35d (size before relaxing)
 .debug_line_str
                0x00000000000002f6       0x12 ./runtime/crt0.o
                                         0x48 (size before relaxing)
 .debug_line_str
                0x0000000000000308       0x45 ./HAL/peripherals/Source/mik32_hal_gpio.o
                                        0x329 (size before relaxing)
 .debug_line_str
                0x000000000000034d       0x2c ./HAL/peripherals/Source/mik32_hal_spifi.o
                                        0x379 (size before relaxing)

.comment        0x0000000000000000       0x18
 .comment       0x0000000000000000       0x18 ./src/main.o
                                         0x19 (size before relaxing)
 .comment       0x0000000000000018       0x19 ./HAL/peripherals/Source/mik32_hal_gpio.o
 .comment       0x0000000000000018       0x19 ./HAL/peripherals/Source/mik32_hal_spifi.o

.riscv.attributes
                0x0000000000000000       0x3f
 .riscv.attributes
                0x0000000000000000       0x3f ./src/main.o
 .riscv.attributes
                0x000000000000003f       0x3d ./runtime/crt0.o
 .riscv.attributes
                0x000000000000007c       0x3b ./HAL/peripherals/Source/mik32_hal_gpio.o
 .riscv.attributes
                0x00000000000000b7       0x3b ./HAL/peripherals/Source/mik32_hal_spifi.o

.debug_frame    0x0000000000000000      0x228
 .debug_frame   0x0000000000000000       0xc4 ./src/main.o
 .debug_frame   0x00000000000000c4       0xb8 ./HAL/peripherals/Source/mik32_hal_gpio.o
 .debug_frame   0x000000000000017c       0xac ./HAL/peripherals/Source/mik32_hal_spifi.o
