Archive member included to satisfy reference by file (symbol)

c:/mikronide/riscv-gcc/bin/../lib/gcc/riscv64-unknown-elf/12.2.1/../../../../riscv64-unknown-elf/lib/rv32imc/ilp32\libc_nano.a(lib_a-nano-vfprintf_float.o)
                              (_printf_float)
c:/mikronide/riscv-gcc/bin/../lib/gcc/riscv64-unknown-elf/12.2.1/../../../../riscv64-unknown-elf/lib/rv32imc/ilp32\libc_nano.a(lib_a-nano-vfprintf_i.o)
                              c:/mikronide/riscv-gcc/bin/../lib/gcc/riscv64-unknown-elf/12.2.1/../../../../riscv64-unknown-elf/lib/rv32imc/ilp32\libc_nano.a(lib_a-nano-vfprintf_float.o) (_printf_common)
c:/mikronide/riscv-gcc/bin/../lib/gcc/riscv64-unknown-elf/12.2.1/../../../../riscv64-unknown-elf/lib/rv32imc/ilp32\libc_nano.a(lib_a-printf.o)
                              ./src/main.o (printf)
c:/mikronide/riscv-gcc/bin/../lib/gcc/riscv64-unknown-elf/12.2.1/../../../../riscv64-unknown-elf/lib/rv32imc/ilp32\libc_nano.a(lib_a-puts.o)
                              ./src/main.o (puts)
c:/mikronide/riscv-gcc/bin/../lib/gcc/riscv64-unknown-elf/12.2.1/../../../../riscv64-unknown-elf/lib/rv32imc/ilp32\libc_nano.a(lib_a-reent.o)
                              ./src/syscalls.o (errno)
c:/mikronide/riscv-gcc/bin/../lib/gcc/riscv64-unknown-elf/12.2.1/../../../../riscv64-unknown-elf/lib/rv32imc/ilp32\libc_nano.a(lib_a-strlen.o)
                              c:/mikronide/riscv-gcc/bin/../lib/gcc/riscv64-unknown-elf/12.2.1/../../../../riscv64-unknown-elf/lib/rv32imc/ilp32\libc_nano.a(lib_a-nano-vfprintf_float.o) (strlen)
c:/mikronide/riscv-gcc/bin/../lib/gcc/riscv64-unknown-elf/12.2.1/../../../../riscv64-unknown-elf/lib/rv32imc/ilp32\libc_nano.a(lib_a-wbuf.o)
                              c:/mikronide/riscv-gcc/bin/../lib/gcc/riscv64-unknown-elf/12.2.1/../../../../riscv64-unknown-elf/lib/rv32imc/ilp32\libc_nano.a(lib_a-puts.o) (__swbuf_r)
c:/mikronide/riscv-gcc/bin/../lib/gcc/riscv64-unknown-elf/12.2.1/../../../../riscv64-unknown-elf/lib/rv32imc/ilp32\libc_nano.a(lib_a-wsetup.o)
                              c:/mikronide/riscv-gcc/bin/../lib/gcc/riscv64-unknown-elf/12.2.1/../../../../riscv64-unknown-elf/lib/rv32imc/ilp32\libc_nano.a(lib_a-puts.o) (__swsetup_r)
c:/mikronide/riscv-gcc/bin/../lib/gcc/riscv64-unknown-elf/12.2.1/../../../../riscv64-unknown-elf/lib/rv32imc/ilp32\libc_nano.a(lib_a-dtoa.o)
                              c:/mikronide/riscv-gcc/bin/../lib/gcc/riscv64-unknown-elf/12.2.1/../../../../riscv64-unknown-elf/lib/rv32imc/ilp32\libc_nano.a(lib_a-nano-vfprintf_float.o) (_dtoa_r)
c:/mikronide/riscv-gcc/bin/../lib/gcc/riscv64-unknown-elf/12.2.1/../../../../riscv64-unknown-elf/lib/rv32imc/ilp32\libc_nano.a(lib_a-fflush.o)
                              c:/mikronide/riscv-gcc/bin/../lib/gcc/riscv64-unknown-elf/12.2.1/../../../../riscv64-unknown-elf/lib/rv32imc/ilp32\libc_nano.a(lib_a-wbuf.o) (_fflush_r)
c:/mikronide/riscv-gcc/bin/../lib/gcc/riscv64-unknown-elf/12.2.1/../../../../riscv64-unknown-elf/lib/rv32imc/ilp32\libc_nano.a(lib_a-findfp.o)
                              c:/mikronide/riscv-gcc/bin/../lib/gcc/riscv64-unknown-elf/12.2.1/../../../../riscv64-unknown-elf/lib/rv32imc/ilp32\libc_nano.a(lib_a-printf.o) (__sinit)
c:/mikronide/riscv-gcc/bin/../lib/gcc/riscv64-unknown-elf/12.2.1/../../../../riscv64-unknown-elf/lib/rv32imc/ilp32\libc_nano.a(lib_a-fwalk.o)
                              c:/mikronide/riscv-gcc/bin/../lib/gcc/riscv64-unknown-elf/12.2.1/../../../../riscv64-unknown-elf/lib/rv32imc/ilp32\libc_nano.a(lib_a-findfp.o) (_fwalk)
c:/mikronide/riscv-gcc/bin/../lib/gcc/riscv64-unknown-elf/12.2.1/../../../../riscv64-unknown-elf/lib/rv32imc/ilp32\libc_nano.a(lib_a-impure.o)
                              c:/mikronide/riscv-gcc/bin/../lib/gcc/riscv64-unknown-elf/12.2.1/../../../../riscv64-unknown-elf/lib/rv32imc/ilp32\libc_nano.a(lib_a-fflush.o) (_global_impure_ptr)
c:/mikronide/riscv-gcc/bin/../lib/gcc/riscv64-unknown-elf/12.2.1/../../../../riscv64-unknown-elf/lib/rv32imc/ilp32\libc_nano.a(lib_a-localeconv.o)
                              c:/mikronide/riscv-gcc/bin/../lib/gcc/riscv64-unknown-elf/12.2.1/../../../../riscv64-unknown-elf/lib/rv32imc/ilp32\libc_nano.a(lib_a-nano-vfprintf_float.o) (_localeconv_r)
c:/mikronide/riscv-gcc/bin/../lib/gcc/riscv64-unknown-elf/12.2.1/../../../../riscv64-unknown-elf/lib/rv32imc/ilp32\libc_nano.a(lib_a-makebuf.o)
                              c:/mikronide/riscv-gcc/bin/../lib/gcc/riscv64-unknown-elf/12.2.1/../../../../riscv64-unknown-elf/lib/rv32imc/ilp32\libc_nano.a(lib_a-wsetup.o) (__smakebuf_r)
c:/mikronide/riscv-gcc/bin/../lib/gcc/riscv64-unknown-elf/12.2.1/../../../../riscv64-unknown-elf/lib/rv32imc/ilp32\libc_nano.a(lib_a-malloc.o)
                              c:/mikronide/riscv-gcc/bin/../lib/gcc/riscv64-unknown-elf/12.2.1/../../../../riscv64-unknown-elf/lib/rv32imc/ilp32\libc_nano.a(lib_a-dtoa.o) (malloc)
c:/mikronide/riscv-gcc/bin/../lib/gcc/riscv64-unknown-elf/12.2.1/../../../../riscv64-unknown-elf/lib/rv32imc/ilp32\libc_nano.a(lib_a-memchr.o)
[...]
Memory Configuration

Name             Origin             Length             Attributes
rom              0x0000000080000000 0x0000000000800000 xr
ram              0x0000000002000000 0x0000000000004000 xrw
*default*        0x0000000000000000 0xffffffffffffffff

Linker script and memory map

LOAD ./src/main.o
LOAD ./src/syscalls.o
LOAD ./runtime/crt0.o
LOAD ./HAL/peripherals/Source/mik32_hal.o
LOAD ./HAL/peripherals/Source/mik32_hal_adc.o
LOAD ./HAL/peripherals/Source/mik32_hal_crc32.o
LOAD ./HAL/peripherals/Source/mik32_hal_crypto.o
LOAD ./HAL/peripherals/Source/mik32_hal_dac.o
LOAD ./HAL/peripherals/Source/mik32_hal_dma.o
LOAD ./HAL/peripherals/Source/mik32_hal_gpio.o
LOAD ./HAL/peripherals/Source/mik32_hal_i2c.o
LOAD ./HAL/peripherals/Source/mik32_hal_irq.o
LOAD ./HAL/peripherals/Source/mik32_hal_otp.o
LOAD ./HAL/peripherals/Source/mik32_hal_pcc.o
LOAD ./HAL/peripherals/Source/mik32_hal_rtc.o
LOAD ./HAL/peripherals/Source/mik32_hal_spi.o
LOAD ./HAL/peripherals/Source/mik32_hal_spifi.o
LOAD ./HAL/peripherals/Source/mik32_hal_timer16.o
LOAD ./HAL/peripherals/Source/mik32_hal_timer32.o
LOAD ./HAL/core/Source/mik32_hal_scr1_timer.o
LOAD c:/mikronide/riscv-gcc/bin/../lib/gcc/riscv64-unknown-elf/12.2.1/../../../../riscv64-unknown-elf/lib/rv32imc/ilp32\libc_nano.a
LOAD c:/mikronide/riscv-gcc/bin/../lib/gcc/riscv64-unknown-elf/12.2.1/rv32imc/ilp32\libgcc.a
LOAD c:/mikronide/riscv-gcc/bin/../lib/gcc/riscv64-unknown-elf/12.2.1/rv32imc/ilp32\libgcc.a
LOAD c:/mikronide/riscv-gcc/bin/../lib/gcc/riscv64-unknown-elf/12.2.1/../../../../riscv64-unknown-elf/lib/rv32imc/ilp32\libg_nano.a
LOAD c:/mikronide/riscv-gcc/bin/../lib/gcc/riscv64-unknown-elf/12.2.1/../../../../riscv64-unknown-elf/lib/rv32imc/ilp32\libc_nano.a
LOAD c:/mikronide/riscv-gcc/bin/../lib/gcc/riscv64-unknown-elf/12.2.1/rv32imc/ilp32\libgcc.a
START GROUP
LOAD c:/mikronide/riscv-gcc/bin/../lib/gcc/riscv64-unknown-elf/12.2.1/rv32imc/ilp32\libgcc.a
LOAD c:/mikronide/riscv-gcc/bin/../lib/gcc/riscv64-unknown-elf/12.2.1/../../../../riscv64-unknown-elf/lib/rv32imc/ilp32\libc_nano.a
LOAD c:/mikronide/riscv-gcc/bin/../lib/gcc/riscv64-unknown-elf/12.2.1/../../../../riscv64-unknown-elf/lib/rv32imc/ilp32\libgloss_nano.a
END GROUP
                0x0000000000000400                STACK_SIZE = 0x400
                0x0000000000001000                HEAP_SIZE = 0x1000
                0x0000000000000010                CL_SIZE = 0x10

.text           0x0000000080000000     0x5880
                0x0000000080000000                PROVIDE (__TEXT_START__ = .)
 *crt0.o(.text .text.*)
 .text          0x0000000080000000       0x76 ./runtime/crt0.o
                0x0000000080000000                _start
                0x0000000080000074                SystemInit
                0x0000000080000074                SmallSystemInit
 *(.text.smallsysteminit)
 *(.text.SmallSystemInit)
                0x00000000800000c0                . = (ORIGIN (rom) + 0xc0)
 *fill*         0x0000000080000076       0x4a 
 *crt0.o(.trap_text)
 .trap_text     0x00000000800000c0       0x94 ./runtime/crt0.o
                0x00000000800000c0                trap_entry
                0x00000000800000c4                raw_trap_handler
                0x0000000080000152                trap_handler
 *(.text)
 .text          0x0000000080000154       0x16 c:/mikronide/riscv-gcc/bin/../lib/gcc/riscv64-unknown-elf/12.2.1/../../../../riscv64-unknown-elf/lib/rv32imc/ilp32\libc_nano.a(lib_a-memcpy-asm.o)
                0x0000000080000154                memcpy
 .text          0x000000008000016a       0x10 c:/mikronide/riscv-gcc/bin/../lib/gcc/riscv64-unknown-elf/12.2.1/../../../../riscv64-unknown-elf/lib/rv32imc/ilp32\libc_nano.a(lib_a-memset.o)
                0x000000008000016a                memset
 .text          0x000000008000017a      0x62e c:/mikronide/riscv-gcc/bin/../lib/gcc/riscv64-unknown-elf/12.2.1/rv32imc/ilp32\libgcc.a(adddf3.o)
                0x000000008000017a                __adddf3
 .text          0x00000000800007a8      0x524 c:/mikronide/riscv-gcc/bin/../lib/gcc/riscv64-unknown-elf/12.2.1/rv32imc/ilp32\libgcc.a(divdf3.o)
                0x00000000800007a8                __divdf3
 .text          0x0000000080000ccc       0x6c c:/mikronide/riscv-gcc/bin/../lib/gcc/riscv64-unknown-elf/12.2.1/rv32imc/ilp32\libgcc.a(eqdf2.o)
                0x0000000080000ccc                __nedf2
                0x0000000080000ccc                __eqdf2
 .text          0x0000000080000d38       0xc4 c:/mikronide/riscv-gcc/bin/../lib/gcc/riscv64-unknown-elf/12.2.1/rv32imc/ilp32\libgcc.a(gedf2.o)
                0x0000000080000d38                __gedf2
                0x0000000080000d38                __gtdf2
 .text          0x0000000080000dfc       0xc4 c:/mikronide/riscv-gcc/bin/../lib/gcc/riscv64-unknown-elf/12.2.1/rv32imc/ilp32\libgcc.a(ledf2.o)
                0x0000000080000dfc                __ledf2
                0x0000000080000dfc                __ltdf2
 .text          0x0000000080000ec0      0x464 c:/mikronide/riscv-gcc/bin/../lib/gcc/riscv64-unknown-elf/12.2.1/rv32imc/ilp32\libgcc.a(muldf3.o)
                0x0000000080000ec0                __muldf3
 .text          0x0000000080001324      0x668 c:/mikronide/riscv-gcc/bin/../lib/gcc/riscv64-unknown-elf/12.2.1/rv32imc/ilp32\libgcc.a(subdf3.o)
                0x0000000080001324                __subdf3
 .text          0x000000008000198c       0x38 c:/mikronide/riscv-gcc/bin/../lib/gcc/riscv64-unknown-elf/12.2.1/rv32imc/ilp32\libgcc.a(unorddf2.o)
                0x000000008000198c                __unorddf2
 .text          0x00000000800019c4       0x66 c:/mikronide/riscv-gcc/bin/../lib/gcc/riscv64-unknown-elf/12.2.1/rv32imc/ilp32\libgcc.a(fixdfsi.o)
                0x00000000800019c4                __fixdfsi
 .text          0x0000000080001a2a       0x66 c:/mikronide/riscv-gcc/bin/../lib/gcc/riscv64-unknown-elf/12.2.1/rv32imc/ilp32\libgcc.a(floatsidf.o)
                0x0000000080001a2a                __floatsidf
 .text          0x0000000080001a90       0x4c c:/mikronide/riscv-gcc/bin/../lib/gcc/riscv64-unknown-elf/12.2.1/rv32imc/ilp32\libgcc.a(floatunsidf.o)
                0x0000000080001a90                __floatunsidf
 .text          0x0000000080001adc      0x252 c:/mikronide/riscv-gcc/bin/../lib/gcc/riscv64-unknown-elf/12.2.1/rv32imc/ilp32\libgcc.a(trunctfdf2.o)
                0x0000000080001adc                __trunctfdf2
 .text          0x0000000080001d2e       0x3c c:/mikronide/riscv-gcc/bin/../lib/gcc/riscv64-unknown-elf/12.2.1/rv32imc/ilp32\libgcc.a(_clzsi2.o)
                0x0000000080001d2e                __clzsi2
 *(.text.*)
 .text.SystemClock_Config
                0x0000000080001d6a       0x3a ./src/main.o
 .text.main     0x0000000080001da4       0xfc ./src/main.o
                0x0000000080001da4                main
 .text._write   0x0000000080001ea0       0x2e ./src/main.o
                0x0000000080001ea0                _write
 .text._close   0x0000000080001ece        0x4 ./src/syscalls.o
                0x0000000080001ece                _close
 .text._exit    0x0000000080001ed2        0x2 ./src/syscalls.o
                0x0000000080001ed2                _exit
 .text._fstat   0x0000000080001ed4        0x8 ./src/syscalls.o
                0x0000000080001ed4                _fstat
 .text._getpid  0x0000000080001edc        0x4 ./src/syscalls.o
                0x0000000080001edc                _getpid
 .text._isatty  0x0000000080001ee0        0x8 ./src/syscalls.o
                0x0000000080001ee0                _isatty
 .text._kill    0x0000000080001ee8        0xe ./src/syscalls.o
                0x0000000080001ee8                _kill
 .text._lseek   0x0000000080001ef6        0x4 ./src/syscalls.o
                0x0000000080001ef6                _lseek
 .text._read    0x0000000080001efa        0x4 ./src/syscalls.o
                0x0000000080001efa                _read
 .text._sbrk    0x0000000080001efe       0x58 ./src/syscalls.o
                0x0000000080001efe                _sbrk
 .text.HAL_PCC_FreqMonRefSet
                0x0000000080001f56       0x7c ./HAL/peripherals/Source/mik32_hal_pcc.o
                0x0000000080001f56                HAL_PCC_FreqMonRefSet
 .text.HAL_PCC_SetOscSystem
                0x0000000080001fd2       0x82 ./HAL/peripherals/Source/mik32_hal_pcc.o
                0x0000000080001fd2                HAL_PCC_SetOscSystem
 .text.HAL_PCC_RTCClock
                0x0000000080002054       0x80 ./HAL/peripherals/Source/mik32_hal_pcc.o
                0x0000000080002054                HAL_PCC_RTCClock
 .text.HAL_PCC_CPURTCClock
                0x00000000800020d4       0x52 ./HAL/peripherals/Source/mik32_hal_pcc.o
                0x00000000800020d4                HAL_PCC_CPURTCClock
 .text.HAL_PCC_DividerAHB
                0x0000000080002126        0x8 ./HAL/peripherals/Source/mik32_hal_pcc.o
                0x0000000080002126                HAL_PCC_DividerAHB
 .text.HAL_PCC_DividerAPB_M
                0x000000008000212e        0x8 ./HAL/peripherals/Source/mik32_hal_pcc.o
                0x000000008000212e                HAL_PCC_DividerAPB_M
 .text.HAL_PCC_DividerAPB_P
                0x0000000080002136        0x8 ./HAL/peripherals/Source/mik32_hal_pcc.o
                0x0000000080002136                HAL_PCC_DividerAPB_P
 .text.HAL_PCC_Config
                0x000000008000213e       0xc6 ./HAL/peripherals/Source/mik32_hal_pcc.o
                0x000000008000213e                HAL_PCC_Config
 .text.__cvt    0x0000000080002204       0xfe c:/mikronide/riscv-gcc/bin/../lib/gcc/riscv64-unknown-elf/12.2.1/../../../../riscv64-unknown-elf/lib/rv32imc/ilp32\libc_nano.a(lib_a-nano-vfprintf_float.o)
                0x0000000080002204                __cvt
 .text.__exponent
                0x0000000080002302       0x9c c:/mikronide/riscv-gcc/bin/../lib/gcc/riscv64-unknown-elf/12.2.1/../../../../riscv64-unknown-elf/lib/rv32imc/ilp32\libc_nano.a(lib_a-nano-vfprintf_float.o)
                0x0000000080002302                __exponent
 .text._printf_float
                0x000000008000239e      0x4d6 c:/mikronide/riscv-gcc/bin/../lib/gcc/riscv64-unknown-elf/12.2.1/../../../../riscv64-unknown-elf/lib/rv32imc/ilp32\libc_nano.a(lib_a-nano-vfprintf_float.o)
                0x000000008000239e                _printf_float
 .text._printf_common
                0x0000000080002874      0x110 c:/mikronide/riscv-gcc/bin/../lib/gcc/riscv64-unknown-elf/12.2.1/../../../../riscv64-unknown-elf/lib/rv32imc/ilp32\libc_nano.a(lib_a-nano-vfprintf_i.o)
                0x0000000080002874                _printf_common
 .text._printf_i
                0x0000000080002984      0x278 c:/mikronide/riscv-gcc/bin/../lib/gcc/riscv64-unknown-elf/12.2.1/../../../../riscv64-unknown-elf/lib/rv32imc/ilp32\libc_nano.a(lib_a-nano-vfprintf_i.o)
                0x0000000080002984                _printf_i
 .text.printf   0x0000000080002bfc       0x40 c:/mikronide/riscv-gcc/bin/../lib/gcc/riscv64-unknown-elf/12.2.1/../../../../riscv64-unknown-elf/lib/rv32imc/ilp32\libc_nano.a(lib_a-printf.o)
                0x0000000080002bfc                iprintf
                0x0000000080002bfc                printf
 .text._puts_r  0x0000000080002c3c       0xe8 c:/mikronide/riscv-gcc/bin/../lib/gcc/riscv64-unknown-elf/12.2.1/../../../../riscv64-unknown-elf/lib/rv32imc/ilp32\libc_nano.a(lib_a-puts.o)
                0x0000000080002c3c                _puts_r
 .text.puts     0x0000000080002d24        0xc c:/mikronide/riscv-gcc/bin/../lib/gcc/riscv64-unknown-elf/12.2.1/../../../../riscv64-unknown-elf/lib/rv32imc/ilp32\libc_nano.a(lib_a-puts.o)
                0x0000000080002d24                puts
 .text.strlen   0x0000000080002d30       0x12 c:/mikronide/riscv-gcc/bin/../lib/gcc/riscv64-unknown-elf/12.2.1/../../../../riscv64-unknown-elf/lib/rv32imc/ilp32\libc_nano.a(lib_a-strlen.o)
                0x0000000080002d30                strlen
 .text.__swbuf_r
                0x0000000080002d42       0xc6 c:/mikronide/riscv-gcc/bin/../lib/gcc/riscv64-unknown-elf/12.2.1/../../../../riscv64-unknown-elf/lib/rv32imc/ilp32\libc_nano.a(lib_a-wbuf.o)
                0x0000000080002d42                __swbuf_r
 .text.__swsetup_r
                0x0000000080002e08      0x104 c:/mikronide/riscv-gcc/bin/../lib/gcc/riscv64-unknown-elf/12.2.1/../../../../riscv64-unknown-elf/lib/rv32imc/ilp32\libc_nano.a(lib_a-wsetup.o)
                0x0000000080002e08                __swsetup_r
 .text.quorem   0x0000000080002f0c      0x130 c:/mikronide/riscv-gcc/bin/../lib/gcc/riscv64-unknown-elf/12.2.1/../../../../riscv64-unknown-elf/lib/rv32imc/ilp32\libc_nano.a(lib_a-dtoa.o)
 .text._dtoa_r  0x000000008000303c      0xcce c:/mikronide/riscv-gcc/bin/../lib/gcc/riscv64-unknown-elf/12.2.1/../../../../riscv64-unknown-elf/lib/rv32imc/ilp32\libc_nano.a(lib_a-dtoa.o)
                0x000000008000303c                _dtoa_r
 .text.__sflush_r
                0x0000000080003d0a      0x13a c:/mikronide/riscv-gcc/bin/../lib/gcc/riscv64-unknown-elf/12.2.1/../../../../riscv64-unknown-elf/lib/rv32imc/ilp32\libc_nano.a(lib_a-fflush.o)
                0x0000000080003d0a                __sflush_r
 .text._fflush_r
                0x0000000080003e44       0x64 c:/mikronide/riscv-gcc/bin/../lib/gcc/riscv64-unknown-elf/12.2.1/../../../../riscv64-unknown-elf/lib/rv32imc/ilp32\libc_nano.a(lib_a-fflush.o)
                0x0000000080003e44                _fflush_r
 .text.std      0x0000000080003ea8       0x6a c:/mikronide/riscv-gcc/bin/../lib/gcc/riscv64-unknown-elf/12.2.1/../../../../riscv64-unknown-elf/lib/rv32imc/ilp32\libc_nano.a(lib_a-findfp.o)
 .text._cleanup_r
                0x0000000080003f12        0xa c:/mikronide/riscv-gcc/bin/../lib/gcc/riscv64-unknown-elf/12.2.1/../../../../riscv64-unknown-elf/lib/rv32imc/ilp32\libc_nano.a(lib_a-findfp.o)
                0x0000000080003f12                _cleanup_r
 .text.__sfmoreglue
                0x0000000080003f1c       0x48 c:/mikronide/riscv-gcc/bin/../lib/gcc/riscv64-unknown-elf/12.2.1/../../../../riscv64-unknown-elf/lib/rv32imc/ilp32\libc_nano.a(lib_a-findfp.o)
                0x0000000080003f1c                __sfmoreglue
 .text.__sinit  0x0000000080003f64       0x6a c:/mikronide/riscv-gcc/bin/../lib/gcc/riscv64-unknown-elf/12.2.1/../../../../riscv64-unknown-elf/lib/rv32imc/ilp32\libc_nano.a(lib_a-findfp.o)
                0x0000000080003f64                __sinit
 .text.__sfp    0x0000000080003fce       0x9e c:/mikronide/riscv-gcc/bin/../lib/gcc/riscv64-unknown-elf/12.2.1/../../../../riscv64-unknown-elf/lib/rv32imc/ilp32\libc_nano.a(lib_a-findfp.o)
                0x0000000080003fce                __sfp
 .text._fwalk_reent
                0x000000008000406c       0x6a c:/mikronide/riscv-gcc/bin/../lib/gcc/riscv64-unknown-elf/12.2.1/../../../../riscv64-unknown-elf/lib/rv32imc/ilp32\libc_nano.a(lib_a-fwalk.o)
                0x000000008000406c                _fwalk_reent
 .text._localeconv_r
                0x00000000800040d6        0xa c:/mikronide/riscv-gcc/bin/../lib/gcc/riscv64-unknown-elf/12.2.1/../../../../riscv64-unknown-elf/lib/rv32imc/ilp32\libc_nano.a(lib_a-localeconv.o)
                0x00000000800040d6                _localeconv_r
 .text.__swhatbuf_r
                0x00000000800040e0       0x5c c:/mikronide/riscv-gcc/bin/../lib/gcc/riscv64-unknown-elf/12.2.1/../../../../riscv64-unknown-elf/lib/rv32imc/ilp32\libc_nano.a(lib_a-makebuf.o)
                0x00000000800040e0                __swhatbuf_r
 .text.__smakebuf_r
                0x000000008000413c       0xa6 c:/mikronide/riscv-gcc/bin/../lib/gcc/riscv64-unknown-elf/12.2.1/../../../../riscv64-unknown-elf/lib/rv32imc/ilp32\libc_nano.a(lib_a-makebuf.o)
                0x000000008000413c                __smakebuf_r
 .text.malloc   0x00000000800041e2        0xe c:/mikronide/riscv-gcc/bin/../lib/gcc/riscv64-unknown-elf/12.2.1/../../../../riscv64-unknown-elf/lib/rv32imc/ilp32\libc_nano.a(lib_a-malloc.o)
                0x00000000800041e2                malloc
 .text.memchr   0x00000000800041f0       0x1a c:/mikronide/riscv-gcc/bin/../lib/gcc/riscv64-unknown-elf/12.2.1/../../../../riscv64-unknown-elf/lib/rv32imc/ilp32\libc_nano.a(lib_a-memchr.o)
                0x00000000800041f0                memchr
 .text._Balloc  0x000000008000420a       0xac c:/mikronide/riscv-gcc/bin/../lib/gcc/riscv64-unknown-elf/12.2.1/../../../../riscv64-unknown-elf/lib/rv32imc/ilp32\libc_nano.a(lib_a-mprec.o)
                0x000000008000420a                _Balloc
 .text._Bfree   0x00000000800042b6       0x5e c:/mikronide/riscv-gcc/bin/../lib/gcc/riscv64-unknown-elf/12.2.1/../../../../riscv64-unknown-elf/lib/rv32imc/ilp32\libc_nano.a(lib_a-mprec.o)
                0x00000000800042b6                _Bfree
 .text.__multadd
                0x0000000080004314       0xba c:/mikronide/riscv-gcc/bin/../lib/gcc/riscv64-unknown-elf/12.2.1/../../../../riscv64-unknown-elf/lib/rv32imc/ilp32\libc_nano.a(lib_a-mprec.o)
                0x0000000080004314                __multadd
 .text.__hi0bits
                0x00000000800043ce       0x4e c:/mikronide/riscv-gcc/bin/../lib/gcc/riscv64-unknown-elf/12.2.1/../../../../riscv64-unknown-elf/lib/rv32imc/ilp32\libc_nano.a(lib_a-mprec.o)
                0x00000000800043ce                __hi0bits
 .text.__lo0bits
                0x000000008000441c       0x6a c:/mikronide/riscv-gcc/bin/../lib/gcc/riscv64-unknown-elf/12.2.1/../../../../riscv64-unknown-elf/lib/rv32imc/ilp32\libc_nano.a(lib_a-mprec.o)
                0x000000008000441c                __lo0bits
 .text.__i2b    0x0000000080004486       0x36 c:/mikronide/riscv-gcc/bin/../lib/gcc/riscv64-unknown-elf/12.2.1/../../../../riscv64-unknown-elf/lib/rv32imc/ilp32\libc_nano.a(lib_a-mprec.o)
                0x0000000080004486                __i2b
 .text.__multiply
                0x00000000800044bc      0x17a c:/mikronide/riscv-gcc/bin/../lib/gcc/riscv64-unknown-elf/12.2.1/../../../../riscv64-unknown-elf/lib/rv32imc/ilp32\libc_nano.a(lib_a-mprec.o)
                0x00000000800044bc                __multiply
 .text.__pow5mult
                0x0000000080004636       0xce c:/mikronide/riscv-gcc/bin/../lib/gcc/riscv64-unknown-elf/12.2.1/../../../../riscv64-unknown-elf/lib/rv32imc/ilp32\libc_nano.a(lib_a-mprec.o)
                0x0000000080004636                __pow5mult
 .text.__lshift
                0x0000000080004704       0xfe c:/mikronide/riscv-gcc/bin/../lib/gcc/riscv64-unknown-elf/12.2.1/../../../../riscv64-unknown-elf/lib/rv32imc/ilp32\libc_nano.a(lib_a-mprec.o)
                0x0000000080004704                __lshift
 .text.__mcmp   0x0000000080004802       0x36 c:/mikronide/riscv-gcc/bin/../lib/gcc/riscv64-unknown-elf/12.2.1/../../../../riscv64-unknown-elf/lib/rv32imc/ilp32\libc_nano.a(lib_a-mprec.o)
                0x0000000080004802                __mcmp
 .text.__mdiff  0x0000000080004838      0x166 c:/mikronide/riscv-gcc/bin/../lib/gcc/riscv64-unknown-elf/12.2.1/../../../../riscv64-unknown-elf/lib/rv32imc/ilp32\libc_nano.a(lib_a-mprec.o)
                0x0000000080004838                __mdiff
 .text.__d2b    0x000000008000499e       0xde c:/mikronide/riscv-gcc/bin/../lib/gcc/riscv64-unknown-elf/12.2.1/../../../../riscv64-unknown-elf/lib/rv32imc/ilp32\libc_nano.a(lib_a-mprec.o)
                0x000000008000499e                __d2b
 .text._calloc_r
                0x0000000080004a7c       0x34 c:/mikronide/riscv-gcc/bin/../lib/gcc/riscv64-unknown-elf/12.2.1/../../../../riscv64-unknown-elf/lib/rv32imc/ilp32\libc_nano.a(lib_a-nano-callocr.o)
                0x0000000080004a7c                _calloc_r
 .text._free_r  0x0000000080004ab0       0xa2 c:/mikronide/riscv-gcc/bin/../lib/gcc/riscv64-unknown-elf/12.2.1/../../../../riscv64-unknown-elf/lib/rv32imc/ilp32\libc_nano.a(lib_a-nano-freer.o)
                0x0000000080004ab0                _free_r
 .text._malloc_r
                0x0000000080004b52       0xd8 c:/mikronide/riscv-gcc/bin/../lib/gcc/riscv64-unknown-elf/12.2.1/../../../../riscv64-unknown-elf/lib/rv32imc/ilp32\libc_nano.a(lib_a-nano-mallocr.o)
                0x0000000080004b52                _malloc_r
 .text.__sfputc_r
                0x0000000080004c2a       0x2a c:/mikronide/riscv-gcc/bin/../lib/gcc/riscv64-unknown-elf/12.2.1/../../../../riscv64-unknown-elf/lib/rv32imc/ilp32\libc_nano.a(lib_a-nano-vfprintf.o)
 .text.__sfputs_r
                0x0000000080004c54       0x42 c:/mikronide/riscv-gcc/bin/../lib/gcc/riscv64-unknown-elf/12.2.1/../../../../riscv64-unknown-elf/lib/rv32imc/ilp32\libc_nano.a(lib_a-nano-vfprintf.o)
                0x0000000080004c54                __sfputs_r
 .text._vfprintf_r
                0x0000000080004c96      0x29c c:/mikronide/riscv-gcc/bin/../lib/gcc/riscv64-unknown-elf/12.2.1/../../../../riscv64-unknown-elf/lib/rv32imc/ilp32\libc_nano.a(lib_a-nano-vfprintf.o)
                0x0000000080004c96                _vfprintf_r
                0x0000000080004c96                _vfiprintf_r
 .text._sbrk_r  0x0000000080004f32       0x30 c:/mikronide/riscv-gcc/bin/../lib/gcc/riscv64-unknown-elf/12.2.1/../../../../riscv64-unknown-elf/lib/rv32imc/ilp32\libc_nano.a(lib_a-sbrkr.o)
                0x0000000080004f32                _sbrk_r
 .text.__sread  0x0000000080004f62       0x30 c:/mikronide/riscv-gcc/bin/../lib/gcc/riscv64-unknown-elf/12.2.1/../../../../riscv64-unknown-elf/lib/rv32imc/ilp32\libc_nano.a(lib_a-stdio.o)
                0x0000000080004f62                __sread
 .text.__swrite
                0x0000000080004f92       0x4e c:/mikronide/riscv-gcc/bin/../lib/gcc/riscv64-unknown-elf/12.2.1/../../../../riscv64-unknown-elf/lib/rv32imc/ilp32\libc_nano.a(lib_a-stdio.o)
                0x0000000080004f92                __swrite
 .text.__sseek  0x0000000080004fe0       0x36 c:/mikronide/riscv-gcc/bin/../lib/gcc/riscv64-unknown-elf/12.2.1/../../../../riscv64-unknown-elf/lib/rv32imc/ilp32\libc_nano.a(lib_a-stdio.o)
                0x0000000080004fe0                __sseek
 .text.__sclose
                0x0000000080005016        0x6 c:/mikronide/riscv-gcc/bin/../lib/gcc/riscv64-unknown-elf/12.2.1/../../../../riscv64-unknown-elf/lib/rv32imc/ilp32\libc_nano.a(lib_a-stdio.o)
                0x0000000080005016                __sclose
 .text._write_r
                0x000000008000501c       0x34 c:/mikronide/riscv-gcc/bin/../lib/gcc/riscv64-unknown-elf/12.2.1/../../../../riscv64-unknown-elf/lib/rv32imc/ilp32\libc_nano.a(lib_a-writer.o)
                0x000000008000501c                _write_r
 .text.__assert_func
                0x0000000080005050       0x3a c:/mikronide/riscv-gcc/bin/../lib/gcc/riscv64-unknown-elf/12.2.1/../../../../riscv64-unknown-elf/lib/rv32imc/ilp32\libc_nano.a(lib_a-assert.o)
                0x0000000080005050                __assert_func
 .text._close_r
                0x000000008000508a       0x30 c:/mikronide/riscv-gcc/bin/../lib/gcc/riscv64-unknown-elf/12.2.1/../../../../riscv64-unknown-elf/lib/rv32imc/ilp32\libc_nano.a(lib_a-closer.o)
                0x000000008000508a                _close_r
 .text.fprintf  0x00000000800050ba       0x2a c:/mikronide/riscv-gcc/bin/../lib/gcc/riscv64-unknown-elf/12.2.1/../../../../riscv64-unknown-elf/lib/rv32imc/ilp32\libc_nano.a(lib_a-fprintf.o)
                0x00000000800050ba                fiprintf
                0x00000000800050ba                fprintf
 .text._fstat_r
                0x00000000800050e4       0x32 c:/mikronide/riscv-gcc/bin/../lib/gcc/riscv64-unknown-elf/12.2.1/../../../../riscv64-unknown-elf/lib/rv32imc/ilp32\libc_nano.a(lib_a-fstatr.o)
                0x00000000800050e4                _fstat_r
 .text._isatty_r
                0x0000000080005116       0x30 c:/mikronide/riscv-gcc/bin/../lib/gcc/riscv64-unknown-elf/12.2.1/../../../../riscv64-unknown-elf/lib/rv32imc/ilp32\libc_nano.a(lib_a-isattyr.o)
                0x0000000080005116                _isatty_r
 .text._lseek_r
                0x0000000080005146       0x34 c:/mikronide/riscv-gcc/bin/../lib/gcc/riscv64-unknown-elf/12.2.1/../../../../riscv64-unknown-elf/lib/rv32imc/ilp32\libc_nano.a(lib_a-lseekr.o)
                0x0000000080005146                _lseek_r
 .text.__ascii_mbtowc
                0x000000008000517a       0x3a c:/mikronide/riscv-gcc/bin/../lib/gcc/riscv64-unknown-elf/12.2.1/../../../../riscv64-unknown-elf/lib/rv32imc/ilp32\libc_nano.a(lib_a-mbtowc_r.o)
                0x000000008000517a                __ascii_mbtowc
 .text.__malloc_lock
                0x00000000800051b4        0x2 c:/mikronide/riscv-gcc/bin/../lib/gcc/riscv64-unknown-elf/12.2.1/../../../../riscv64-unknown-elf/lib/rv32imc/ilp32\libc_nano.a(lib_a-mlock.o)
                0x00000000800051b4                __malloc_lock
 .text.__malloc_unlock
                0x00000000800051b6        0x2 c:/mikronide/riscv-gcc/bin/../lib/gcc/riscv64-unknown-elf/12.2.1/../../../../riscv64-unknown-elf/lib/rv32imc/ilp32\libc_nano.a(lib_a-mlock.o)
                0x00000000800051b6                __malloc_unlock
 .text._read_r  0x00000000800051b8       0x34 c:/mikronide/riscv-gcc/bin/../lib/gcc/riscv64-unknown-elf/12.2.1/../../../../riscv64-unknown-elf/lib/rv32imc/ilp32\libc_nano.a(lib_a-readr.o)
                0x00000000800051b8                _read_r
 .text.__ascii_wctomb
                0x00000000800051ec       0x20 c:/mikronide/riscv-gcc/bin/../lib/gcc/riscv64-unknown-elf/12.2.1/../../../../riscv64-unknown-elf/lib/rv32imc/ilp32\libc_nano.a(lib_a-wctomb_r.o)
                0x00000000800051ec                __ascii_wctomb
 .text.abort    0x000000008000520c        0xe c:/mikronide/riscv-gcc/bin/../lib/gcc/riscv64-unknown-elf/12.2.1/../../../../riscv64-unknown-elf/lib/rv32imc/ilp32\libc_nano.a(lib_a-abort.o)
                0x000000008000520c                abort
 .text._raise_r
                0x000000008000521a       0x60 c:/mikronide/riscv-gcc/bin/../lib/gcc/riscv64-unknown-elf/12.2.1/../../../../riscv64-unknown-elf/lib/rv32imc/ilp32\libc_nano.a(lib_a-signal.o)
                0x000000008000521a                _raise_r
 .text.raise    0x000000008000527a        0xc c:/mikronide/riscv-gcc/bin/../lib/gcc/riscv64-unknown-elf/12.2.1/../../../../riscv64-unknown-elf/lib/rv32imc/ilp32\libc_nano.a(lib_a-signal.o)
                0x000000008000527a                raise
 .text._kill_r  0x0000000080005286       0x32 c:/mikronide/riscv-gcc/bin/../lib/gcc/riscv64-unknown-elf/12.2.1/../../../../riscv64-unknown-elf/lib/rv32imc/ilp32\libc_nano.a(lib_a-signalr.o)
                0x0000000080005286                _kill_r
 .text._getpid_r
                0x00000000800052b8        0x4 c:/mikronide/riscv-gcc/bin/../lib/gcc/riscv64-unknown-elf/12.2.1/../../../../riscv64-unknown-elf/lib/rv32imc/ilp32\libc_nano.a(lib_a-signalr.o)
                0x00000000800052b8                _getpid_r
 *(.rodata)
 .rodata        0x00000000800052bc       0x3c c:/mikronide/riscv-gcc/bin/../lib/gcc/riscv64-unknown-elf/12.2.1/rv32imc/ilp32\libgcc.a(divdf3.o)
 .rodata        0x00000000800052f8      0x100 c:/mikronide/riscv-gcc/bin/../lib/gcc/riscv64-unknown-elf/12.2.1/rv32imc/ilp32\libgcc.a(_clz.o)
                0x00000000800052f8                __clz_tab
 *(.rodata.*)
 .rodata.str1.4
                0x00000000800053f8       0x19 ./src/main.o
 *fill*         0x0000000080005411        0x3 
 .rodata._printf_float.str1.4
                0x0000000080005414       0x12 c:/mikronide/riscv-gcc/bin/../lib/gcc/riscv64-unknown-elf/12.2.1/../../../../riscv64-unknown-elf/lib/rv32imc/ilp32\libc_nano.a(lib_a-nano-vfprintf_float.o)
 *fill*         0x0000000080005426        0x2 
 .rodata._printf_i.str1.4
                0x0000000080005428       0x25 c:/mikronide/riscv-gcc/bin/../lib/gcc/riscv64-unknown-elf/12.2.1/../../../../riscv64-unknown-elf/lib/rv32imc/ilp32\libc_nano.a(lib_a-nano-vfprintf_i.o)
 *fill*         0x000000008000544d        0x3 
 .rodata._printf_i
                0x0000000080005450       0x58 c:/mikronide/riscv-gcc/bin/../lib/gcc/riscv64-unknown-elf/12.2.1/../../../../riscv64-unknown-elf/lib/rv32imc/ilp32\libc_nano.a(lib_a-nano-vfprintf_i.o)
 .rodata._dtoa_r.str1.4
                0x00000000800054a8       0xa1 c:/mikronide/riscv-gcc/bin/../lib/gcc/riscv64-unknown-elf/12.2.1/../../../../riscv64-unknown-elf/lib/rv32imc/ilp32\libc_nano.a(lib_a-dtoa.o)
                                         0xa5 (size before relaxing)
 *fill*         0x0000000080005549        0x3 
 .rodata.__sf_fake_stderr
                0x000000008000554c       0x20 c:/mikronide/riscv-gcc/bin/../lib/gcc/riscv64-unknown-elf/12.2.1/../../../../riscv64-unknown-elf/lib/rv32imc/ilp32\libc_nano.a(lib_a-findfp.o)
                0x000000008000554c                __sf_fake_stderr
 .rodata.__sf_fake_stdout
                0x000000008000556c       0x20 c:/mikronide/riscv-gcc/bin/../lib/gcc/riscv64-unknown-elf/12.2.1/../../../../riscv64-unknown-elf/lib/rv32imc/ilp32\libc_nano.a(lib_a-findfp.o)
                0x000000008000556c                __sf_fake_stdout
 .rodata.__sf_fake_stdin
                0x000000008000558c       0x20 c:/mikronide/riscv-gcc/bin/../lib/gcc/riscv64-unknown-elf/12.2.1/../../../../riscv64-unknown-elf/lib/rv32imc/ilp32\libc_nano.a(lib_a-findfp.o)
                0x000000008000558c                __sf_fake_stdin
 .rodata._Balloc.str1.4
                0x00000000800055ac       0x68 c:/mikronide/riscv-gcc/bin/../lib/gcc/riscv64-unknown-elf/12.2.1/../../../../riscv64-unknown-elf/lib/rv32imc/ilp32\libc_nano.a(lib_a-mprec.o)
                                         0x80 (size before relaxing)
 .rodata.__multadd.str1.4
                0x0000000080005614       0x11 c:/mikronide/riscv-gcc/bin/../lib/gcc/riscv64-unknown-elf/12.2.1/../../../../riscv64-unknown-elf/lib/rv32imc/ilp32\libc_nano.a(lib_a-mprec.o)
 .rodata.p05.0  0x0000000080005614        0xc c:/mikronide/riscv-gcc/bin/../lib/gcc/riscv64-unknown-elf/12.2.1/../../../../riscv64-unknown-elf/lib/rv32imc/ilp32\libc_nano.a(lib_a-mprec.o)
 .rodata.__mprec_bigtens
                0x0000000080005620       0x28 c:/mikronide/riscv-gcc/bin/../lib/gcc/riscv64-unknown-elf/12.2.1/../../../../riscv64-unknown-elf/lib/rv32imc/ilp32\libc_nano.a(lib_a-mprec.o)
                0x0000000080005620                __mprec_bigtens
 .rodata.__mprec_tens
                0x0000000080005648       0xc8 c:/mikronide/riscv-gcc/bin/../lib/gcc/riscv64-unknown-elf/12.2.1/../../../../riscv64-unknown-elf/lib/rv32imc/ilp32\libc_nano.a(lib_a-mprec.o)
                0x0000000080005648                __mprec_tens
 .rodata._vfprintf_r.str1.4
                0x0000000080005710       0x13 c:/mikronide/riscv-gcc/bin/../lib/gcc/riscv64-unknown-elf/12.2.1/../../../../riscv64-unknown-elf/lib/rv32imc/ilp32\libc_nano.a(lib_a-nano-vfprintf.o)
 *fill*         0x0000000080005723        0x1 
 .rodata.__assert_func.str1.4
                0x0000000080005724       0x3f c:/mikronide/riscv-gcc/bin/../lib/gcc/riscv64-unknown-elf/12.2.1/../../../../riscv64-unknown-elf/lib/rv32imc/ilp32\libc_nano.a(lib_a-assert.o)
                                         0x43 (size before relaxing)
 *fill*         0x0000000080005763        0x1 
 .rodata._setlocale_r.str1.4
                0x0000000080005764        0xa c:/mikronide/riscv-gcc/bin/../lib/gcc/riscv64-unknown-elf/12.2.1/../../../../riscv64-unknown-elf/lib/rv32imc/ilp32\libc_nano.a(lib_a-locale.o)
                                          0xd (size before relaxing)
 *fill*         0x000000008000576e        0x2 
 .rodata.str1.4
                0x0000000080005770        0x2 c:/mikronide/riscv-gcc/bin/../lib/gcc/riscv64-unknown-elf/12.2.1/../../../../riscv64-unknown-elf/lib/rv32imc/ilp32\libc_nano.a(lib_a-locale.o)
 *fill*         0x0000000080005772        0x2 
 .rodata._ctype_
                0x0000000080005774      0x101 c:/mikronide/riscv-gcc/bin/../lib/gcc/riscv64-unknown-elf/12.2.1/../../../../riscv64-unknown-elf/lib/rv32imc/ilp32\libc_nano.a(lib_a-ctype_.o)
                0x0000000080005774                _ctype_
                0x0000000080005880                . = ALIGN (CL_SIZE)
 *fill*         0x0000000080005875        0xb 
                0x0000000080005880                PROVIDE (__TEXT_END__ = .)

.rela.dyn       0x0000000080005880        0x0
 .rela.text.main
                0x0000000080005880        0x0 ./src/main.o
 .rela.text._sbrk
                0x0000000080005880        0x0 ./src/main.o
 .rela.sdata    0x0000000080005880        0x0 ./src/main.o
 .rela.text     0x0000000080005880        0x0 ./src/main.o
 .rela.trap_text
                0x0000000080005880        0x0 ./src/main.o
 .rela.text._vfprintf_r
                0x0000000080005880        0x0 ./src/main.o

.data           0x0000000002000000      0x230 load address 0x0000000080005880
                0x0000000002000000                PROVIDE (__DATA_START__ = .)
                0x0000000002000000                _gp = .
 *(.srodata.cst16)
 *(.srodata.cst8)
 .srodata.cst8  0x0000000002000000        0x8 c:/mikronide/riscv-gcc/bin/../lib/gcc/riscv64-unknown-elf/12.2.1/../../../../riscv64-unknown-elf/lib/rv32imc/ilp32\libc_nano.a(lib_a-nano-vfprintf_float.o)
 .srodata.cst8  0x0000000002000008       0x48 c:/mikronide/riscv-gcc/bin/../lib/gcc/riscv64-unknown-elf/12.2.1/../../../../riscv64-unknown-elf/lib/rv32imc/ilp32\libc_nano.a(lib_a-dtoa.o)
 *(.srodata.cst4)
 *(.srodata.cst2)
 *(.srodata*)
 .srodata._global_impure_ptr
                0x0000000002000050        0x4 c:/mikronide/riscv-gcc/bin/../lib/gcc/riscv64-unknown-elf/12.2.1/../../../../riscv64-unknown-elf/lib/rv32imc/ilp32\libc_nano.a(lib_a-impure.o)
                0x0000000002000050                _global_impure_ptr
 *(.sdata .sdata.* .gnu.linkonce.s.*)
 .sdata         0x0000000002000054        0x4 ./src/syscalls.o
 .sdata._impure_ptr
                0x0000000002000058        0x4 c:/mikronide/riscv-gcc/bin/../lib/gcc/riscv64-unknown-elf/12.2.1/../../../../riscv64-unknown-elf/lib/rv32imc/ilp32\libc_nano.a(lib_a-impure.o)
                0x0000000002000058                _impure_ptr
 *(.data .data.*)
 .data.impure_data
                0x000000000200005c       0x60 c:/mikronide/riscv-gcc/bin/../lib/gcc/riscv64-unknown-elf/12.2.1/../../../../riscv64-unknown-elf/lib/rv32imc/ilp32\libc_nano.a(lib_a-impure.o)
 .data.__global_locale
                0x00000000020000bc      0x16c c:/mikronide/riscv-gcc/bin/../lib/gcc/riscv64-unknown-elf/12.2.1/../../../../riscv64-unknown-elf/lib/rv32imc/ilp32\libc_nano.a(lib_a-locale.o)
                0x00000000020000bc                __global_locale
                0x0000000002000230                . = ALIGN (CL_SIZE)
 *fill*         0x0000000002000228        0x8 
                0x0000000080005880                __DATA_IMAGE_START__ = LOADADDR (.data)
                0x0000000080005ab0                __DATA_IMAGE_END__ = (LOADADDR (.data) + SIZEOF (.data))
                0x0000000000000001                ASSERT ((__DATA_IMAGE_END__ < (ORIGIN (rom) + LENGTH (rom))), Data image overflows rom section)

.tdata          0x0000000002000230        0x0
                [!provide]                        PROVIDE (_tls_data = .)
                [!provide]                        PROVIDE (_tdata_begin = .)
 *(.tdata .tdata.*)
                [!provide]                        PROVIDE (_tdata_end = .)
                0x0000000002000230                . = ALIGN (CL_SIZE)

.tbss           0x0000000002000230        0x0
                0x0000000002000230                PROVIDE (__BSS_START__ = .)
 *(.tbss .tbss.*)
                0x0000000002000230                . = ALIGN (CL_SIZE)
                [!provide]                        PROVIDE (_tbss_end = .)

.sbss           0x0000000002000230        0xc load address 0x0000000080005ab0
 *(.sbss .sbss.* .gnu.linkonce.sb.*)
 .sbss.errno    0x0000000002000230        0x4 c:/mikronide/riscv-gcc/bin/../lib/gcc/riscv64-unknown-elf/12.2.1/../../../../riscv64-unknown-elf/lib/rv32imc/ilp32\libc_nano.a(lib_a-reent.o)
                0x0000000002000230                errno
 .sbss.__malloc_sbrk_start
                0x0000000002000234        0x4 c:/mikronide/riscv-gcc/bin/../lib/gcc/riscv64-unknown-elf/12.2.1/../../../../riscv64-unknown-elf/lib/rv32imc/ilp32\libc_nano.a(lib_a-nano-mallocr.o)
                0x0000000002000234                __malloc_sbrk_start
 .sbss.__malloc_free_list
                0x0000000002000238        0x4 c:/mikronide/riscv-gcc/bin/../lib/gcc/riscv64-unknown-elf/12.2.1/../../../../riscv64-unknown-elf/lib/rv32imc/ilp32\libc_nano.a(lib_a-nano-mallocr.o)
                0x0000000002000238                __malloc_free_list
 *(.scommon)

.bss            0x000000000200023c        0x4 load address 0x0000000080005abc
 *(.bss .bss.*)
                0x0000000002000240                . = ALIGN (CL_SIZE)
 *fill*         0x000000000200023c        0x4 
                0x0000000002000240                PROVIDE (__BSS_END__ = .)

.my_heap        0x0000000002000240     0x1000 load address 0x0000000080005ac0
                0x0000000002000240                PROVIDE (__heap_start = .)
                0x0000000002001240                . = (. + HEAP_SIZE)
 *fill*         0x0000000002000240     0x1000 
                0x0000000002001240                . = ALIGN (CL_SIZE)
                0x0000000002001240                PROVIDE (__heap_end = .)
                0x0000000002001240                _end = .
                [!provide]                        PROVIDE (__end = .)

.stack          0x0000000002003c00      0x400 load address 0x0000000080009480
 FILL mask 0x00000000
                [!provide]                        PROVIDE (__STACK_START__ = .)
                0x0000000002004000                . = (. + STACK_SIZE)
 *fill*         0x0000000002003c00      0x400 00000000
                0x0000000002004000                PROVIDE (__C_STACK_TOP__ = .)
                [!provide]                        PROVIDE (__STACK_END__ = .)

/DISCARD/
 *(.eh_frame .eh_frame.*)
OUTPUT(Lab7_ADC.elf elf32-littleriscv)

.debug_info     0x0000000000000000     0x48ee
 .debug_info    0x0000000000000000      0x840 ./src/main.o
 .debug_info    0x0000000000000840      0xb9a ./src/syscalls.o
 .debug_info    0x00000000000013da       0x23 ./runtime/crt0.o
 .debug_info    0x00000000000013fd      0x816 ./HAL/peripherals/Source/mik32_hal_pcc.o
 .debug_info    0x0000000000001c13      0x4fe c:/mikronide/riscv-gcc/bin/../lib/gcc/riscv64-unknown-elf/12.2.1/rv32imc/ilp32\libgcc.a(adddf3.o)
 .debug_info    0x0000000000002111      0x683 c:/mikronide/riscv-gcc/bin/../lib/gcc/riscv64-unknown-elf/12.2.1/rv32imc/ilp32\libgcc.a(divdf3.o)
 .debug_info    0x0000000000002794      0x222 c:/mikronide/riscv-gcc/bin/../lib/gcc/riscv64-unknown-elf/12.2.1/rv32imc/ilp32\libgcc.a(eqdf2.o)
 .debug_info    0x00000000000029b6      0x224 c:/mikronide/riscv-gcc/bin/../lib/gcc/riscv64-unknown-elf/12.2.1/rv32imc/ilp32\libgcc.a(gedf2.o)
 .debug_info    0x0000000000002bda      0x224 c:/mikronide/riscv-gcc/bin/../lib/gcc/riscv64-unknown-elf/12.2.1/rv32imc/ilp32\libgcc.a(ledf2.o)
 .debug_info    0x0000000000002dfe      0x6b4 c:/mikronide/riscv-gcc/bin/../lib/gcc/riscv64-unknown-elf/12.2.1/rv32imc/ilp32\libgcc.a(muldf3.o)
 .debug_info    0x00000000000034b2      0x4f5 c:/mikronide/riscv-gcc/bin/../lib/gcc/riscv64-unknown-elf/12.2.1/rv32imc/ilp32\libgcc.a(subdf3.o)
 .debug_info    0x00000000000039a7      0x220 c:/mikronide/riscv-gcc/bin/../lib/gcc/riscv64-unknown-elf/12.2.1/rv32imc/ilp32\libgcc.a(unorddf2.o)
 .debug_info    0x0000000000003bc7      0x1ca c:/mikronide/riscv-gcc/bin/../lib/gcc/riscv64-unknown-elf/12.2.1/rv32imc/ilp32\libgcc.a(fixdfsi.o)
 .debug_info    0x0000000000003d91      0x268 c:/mikronide/riscv-gcc/bin/../lib/gcc/riscv64-unknown-elf/12.2.1/rv32imc/ilp32\libgcc.a(floatsidf.o)
 .debug_info    0x0000000000003ff9      0x25d c:/mikronide/riscv-gcc/bin/../lib/gcc/riscv64-unknown-elf/12.2.1/rv32imc/ilp32\libgcc.a(floatunsidf.o)
 .debug_info    0x0000000000004256      0x47e c:/mikronide/riscv-gcc/bin/../lib/gcc/riscv64-unknown-elf/12.2.1/rv32imc/ilp32\libgcc.a(trunctfdf2.o)
 .debug_info    0x00000000000046d4      0x142 c:/mikronide/riscv-gcc/bin/../lib/gcc/riscv64-unknown-elf/12.2.1/rv32imc/ilp32\libgcc.a(_clzsi2.o)
 .debug_info    0x0000000000004816       0xd8 c:/mikronide/riscv-gcc/bin/../lib/gcc/riscv64-unknown-elf/12.2.1/rv32imc/ilp32\libgcc.a(_clz.o)

.debug_abbrev   0x0000000000000000     0x18f6
 .debug_abbrev  0x0000000000000000      0x24a ./src/main.o
 .debug_abbrev  0x000000000000024a      0x259 ./src/syscalls.o
 .debug_abbrev  0x00000000000004a3       0x12 ./runtime/crt0.o
 .debug_abbrev  0x00000000000004b5      0x203 ./HAL/peripherals/Source/mik32_hal_pcc.o
 .debug_abbrev  0x00000000000006b8      0x17f c:/mikronide/riscv-gcc/bin/../lib/gcc/riscv64-unknown-elf/12.2.1/rv32imc/ilp32\libgcc.a(adddf3.o)
 .debug_abbrev  0x0000000000000837      0x17c c:/mikronide/riscv-gcc/bin/../lib/gcc/riscv64-unknown-elf/12.2.1/rv32imc/ilp32\libgcc.a(divdf3.o)
 .debug_abbrev  0x00000000000009b3      0x175 c:/mikronide/riscv-gcc/bin/../lib/gcc/riscv64-unknown-elf/12.2.1/rv32imc/ilp32\libgcc.a(eqdf2.o)
 .debug_abbrev  0x0000000000000b28      0x153 c:/mikronide/riscv-gcc/bin/../lib/gcc/riscv64-unknown-elf/12.2.1/rv32imc/ilp32\libgcc.a(gedf2.o)
 .debug_abbrev  0x0000000000000c7b      0x153 c:/mikronide/riscv-gcc/bin/../lib/gcc/riscv64-unknown-elf/12.2.1/rv32imc/ilp32\libgcc.a(ledf2.o)
 .debug_abbrev  0x0000000000000dce      0x185 c:/mikronide/riscv-gcc/bin/../lib/gcc/riscv64-unknown-elf/12.2.1/rv32imc/ilp32\libgcc.a(muldf3.o)
 .debug_abbrev  0x0000000000000f53      0x176 c:/mikronide/riscv-gcc/bin/../lib/gcc/riscv64-unknown-elf/12.2.1/rv32imc/ilp32\libgcc.a(subdf3.o)
 .debug_abbrev  0x00000000000010c9      0x14f c:/mikronide/riscv-gcc/bin/../lib/gcc/riscv64-unknown-elf/12.2.1/rv32imc/ilp32\libgcc.a(unorddf2.o)
 .debug_abbrev  0x0000000000001218      0x15d c:/mikronide/riscv-gcc/bin/../lib/gcc/riscv64-unknown-elf/12.2.1/rv32imc/ilp32\libgcc.a(fixdfsi.o)
 .debug_abbrev  0x0000000000001375      0x164 c:/mikronide/riscv-gcc/bin/../lib/gcc/riscv64-unknown-elf/12.2.1/rv32imc/ilp32\libgcc.a(floatsidf.o)
 .debug_abbrev  0x00000000000014d9      0x163 c:/mikronide/riscv-gcc/bin/../lib/gcc/riscv64-unknown-elf/12.2.1/rv32imc/ilp32\libgcc.a(floatunsidf.o)
 .debug_abbrev  0x000000000000163c      0x180 c:/mikronide/riscv-gcc/bin/../lib/gcc/riscv64-unknown-elf/12.2.1/rv32imc/ilp32\libgcc.a(trunctfdf2.o)
 .debug_abbrev  0x00000000000017bc       0xca c:/mikronide/riscv-gcc/bin/../lib/gcc/riscv64-unknown-elf/12.2.1/rv32imc/ilp32\libgcc.a(_clzsi2.o)
 .debug_abbrev  0x0000000000001886       0x70 c:/mikronide/riscv-gcc/bin/../lib/gcc/riscv64-unknown-elf/12.2.1/rv32imc/ilp32\libgcc.a(_clz.o)

.debug_loclists
                0x0000000000000000     0x573b
 .debug_loclists
                0x0000000000000000       0x63 ./src/main.o
 .debug_loclists
                0x0000000000000063      0x370 ./src/syscalls.o
 .debug_loclists
                0x00000000000003d3      0x4f1 ./HAL/peripherals/Source/mik32_hal_pcc.o
 .debug_loclists
                0x00000000000008c4     0x10f5 c:/mikronide/riscv-gcc/bin/../lib/gcc/riscv64-unknown-elf/12.2.1/rv32imc/ilp32\libgcc.a(adddf3.o)
 .debug_loclists
                0x00000000000019b9      0xf0a c:/mikronide/riscv-gcc/bin/../lib/gcc/riscv64-unknown-elf/12.2.1/rv32imc/ilp32\libgcc.a(divdf3.o)
 .debug_loclists
                0x00000000000028c3       0x87 c:/mikronide/riscv-gcc/bin/../lib/gcc/riscv64-unknown-elf/12.2.1/rv32imc/ilp32\libgcc.a(eqdf2.o)
 .debug_loclists
                0x000000000000294a      0x2f9 c:/mikronide/riscv-gcc/bin/../lib/gcc/riscv64-unknown-elf/12.2.1/rv32imc/ilp32\libgcc.a(gedf2.o)
 .debug_loclists
                0x0000000000002c43      0x2f9 c:/mikronide/riscv-gcc/bin/../lib/gcc/riscv64-unknown-elf/12.2.1/rv32imc/ilp32\libgcc.a(ledf2.o)
 .debug_loclists
                0x0000000000002f3c      0xc0f c:/mikronide/riscv-gcc/bin/../lib/gcc/riscv64-unknown-elf/12.2.1/rv32imc/ilp32\libgcc.a(muldf3.o)
 .debug_loclists
                0x0000000000003b4b     0x1248 c:/mikronide/riscv-gcc/bin/../lib/gcc/riscv64-unknown-elf/12.2.1/rv32imc/ilp32\libgcc.a(subdf3.o)
 .debug_loclists
                0x0000000000004d93       0x45 c:/mikronide/riscv-gcc/bin/../lib/gcc/riscv64-unknown-elf/12.2.1/rv32imc/ilp32\libgcc.a(unorddf2.o)
 .debug_loclists
                0x0000000000004dd8      0x167 c:/mikronide/riscv-gcc/bin/../lib/gcc/riscv64-unknown-elf/12.2.1/rv32imc/ilp32\libgcc.a(fixdfsi.o)
 .debug_loclists
                0x0000000000004f3f      0x134 c:/mikronide/riscv-gcc/bin/../lib/gcc/riscv64-unknown-elf/12.2.1/rv32imc/ilp32\libgcc.a(floatsidf.o)
 .debug_loclists
                0x0000000000005073      0x137 c:/mikronide/riscv-gcc/bin/../lib/gcc/riscv64-unknown-elf/12.2.1/rv32imc/ilp32\libgcc.a(floatunsidf.o)
 .debug_loclists
                0x00000000000051aa      0x52f c:/mikronide/riscv-gcc/bin/../lib/gcc/riscv64-unknown-elf/12.2.1/rv32imc/ilp32\libgcc.a(trunctfdf2.o)
 .debug_loclists
                0x00000000000056d9       0x62 c:/mikronide/riscv-gcc/bin/../lib/gcc/riscv64-unknown-elf/12.2.1/rv32imc/ilp32\libgcc.a(_clzsi2.o)

.debug_aranges  0x0000000000000000      0x3c0
 .debug_aranges
                0x0000000000000000       0x30 ./src/main.o
 .debug_aranges
                0x0000000000000030      0x128 ./src/syscalls.o
 .debug_aranges
                0x0000000000000158       0x28 ./runtime/crt0.o
 .debug_aranges
                0x0000000000000180       0x88 ./HAL/peripherals/Source/mik32_hal_pcc.o
 .debug_aranges
                0x0000000000000208       0x20 c:/mikronide/riscv-gcc/bin/../lib/gcc/riscv64-unknown-elf/12.2.1/rv32imc/ilp32\libgcc.a(adddf3.o)
 .debug_aranges
                0x0000000000000228       0x20 c:/mikronide/riscv-gcc/bin/../lib/gcc/riscv64-unknown-elf/12.2.1/rv32imc/ilp32\libgcc.a(divdf3.o)
 .debug_aranges
                0x0000000000000248       0x20 c:/mikronide/riscv-gcc/bin/../lib/gcc/riscv64-unknown-elf/12.2.1/rv32imc/ilp32\libgcc.a(eqdf2.o)
 .debug_aranges
                0x0000000000000268       0x20 c:/mikronide/riscv-gcc/bin/../lib/gcc/riscv64-unknown-elf/12.2.1/rv32imc/ilp32\libgcc.a(gedf2.o)
 .debug_aranges
                0x0000000000000288       0x20 c:/mikronide/riscv-gcc/bin/../lib/gcc/riscv64-unknown-elf/12.2.1/rv32imc/ilp32\libgcc.a(ledf2.o)
 .debug_aranges
                0x00000000000002a8       0x20 c:/mikronide/riscv-gcc/bin/../lib/gcc/riscv64-unknown-elf/12.2.1/rv32imc/ilp32\libgcc.a(muldf3.o)
 .debug_aranges
                0x00000000000002c8       0x20 c:/mikronide/riscv-gcc/bin/../lib/gcc/riscv64-unknown-elf/12.2.1/rv32imc/ilp32\libgcc.a(subdf3.o)
 .debug_aranges
                0x00000000000002e8       0x20 c:/mikronide/riscv-gcc/bin/../lib/gcc/riscv64-unknown-elf/12.2.1/rv32imc/ilp32\libgcc.a(unorddf2.o)
 .debug_aranges
                0x0000000000000308       0x20 c:/mikronide/riscv-gcc/bin/../lib/gcc/riscv64-unknown-elf/12.2.1/rv32imc/ilp32\libgcc.a(fixdfsi.o)
 .debug_aranges
                0x0000000000000328       0x20 c:/mikronide/riscv-gcc/bin/../lib/gcc/riscv64-unknown-elf/12.2.1/rv32imc/ilp32\libgcc.a(floatsidf.o)
 .debug_aranges
                0x0000000000000348       0x20 c:/mikronide/riscv-gcc/bin/../lib/gcc/riscv64-unknown-elf/12.2.1/rv32imc/ilp32\libgcc.a(floatunsidf.o)
 .debug_aranges
                0x0000000000000368       0x20 c:/mikronide/riscv-gcc/bin/../lib/gcc/riscv64-unknown-elf/12.2.1/rv32imc/ilp32\libgcc.a(trunctfdf2.o)
 .debug_aranges
                0x0000000000000388       0x20 c:/mikronide/riscv-gcc/bin/../lib/gcc/riscv64-unknown-elf/12.2.1/rv32imc/ilp32\libgcc.a(_clzsi2.o)
 .debug_aranges
                0x00000000000003a8       0x18 c:/mikronide/riscv-gcc/bin/../lib/gcc/riscv64-unknown-elf/12.2.1/rv32imc/ilp32\libgcc.a(_clz.o)

.debug_rnglists
                0x0000000000000000      0xdaa
 .debug_rnglists
                0x0000000000000000       0x28 ./src/main.o
 .debug_rnglists
                0x0000000000000028      0x152 ./src/syscalls.o
 .debug_rnglists
                0x000000000000017a       0x1a ./runtime/crt0.o
 .debug_rnglists
                0x0000000000000194       0x8b ./HAL/peripherals/Source/mik32_hal_pcc.o
 .debug_rnglists
                0x000000000000021f      0x20f c:/mikronide/riscv-gcc/bin/../lib/gcc/riscv64-unknown-elf/12.2.1/rv32imc/ilp32\libgcc.a(adddf3.o)
 .debug_rnglists
                0x000000000000042e      0x177 c:/mikronide/riscv-gcc/bin/../lib/gcc/riscv64-unknown-elf/12.2.1/rv32imc/ilp32\libgcc.a(divdf3.o)
 .debug_rnglists
                0x00000000000005a5       0x56 c:/mikronide/riscv-gcc/bin/../lib/gcc/riscv64-unknown-elf/12.2.1/rv32imc/ilp32\libgcc.a(eqdf2.o)
 .debug_rnglists
                0x00000000000005fb       0x7b c:/mikronide/riscv-gcc/bin/../lib/gcc/riscv64-unknown-elf/12.2.1/rv32imc/ilp32\libgcc.a(gedf2.o)
 .debug_rnglists
                0x0000000000000676       0x7b c:/mikronide/riscv-gcc/bin/../lib/gcc/riscv64-unknown-elf/12.2.1/rv32imc/ilp32\libgcc.a(ledf2.o)
 .debug_rnglists
                0x00000000000006f1      0x1e6 c:/mikronide/riscv-gcc/bin/../lib/gcc/riscv64-unknown-elf/12.2.1/rv32imc/ilp32\libgcc.a(muldf3.o)
 .debug_rnglists
                0x00000000000008d7      0x275 c:/mikronide/riscv-gcc/bin/../lib/gcc/riscv64-unknown-elf/12.2.1/rv32imc/ilp32\libgcc.a(subdf3.o)
 .debug_rnglists
                0x0000000000000b4c       0x3b c:/mikronide/riscv-gcc/bin/../lib/gcc/riscv64-unknown-elf/12.2.1/rv32imc/ilp32\libgcc.a(unorddf2.o)
 .debug_rnglists
                0x0000000000000b87       0x1f c:/mikronide/riscv-gcc/bin/../lib/gcc/riscv64-unknown-elf/12.2.1/rv32imc/ilp32\libgcc.a(fixdfsi.o)
 .debug_rnglists
                0x0000000000000ba6       0x61 c:/mikronide/riscv-gcc/bin/../lib/gcc/riscv64-unknown-elf/12.2.1/rv32imc/ilp32\libgcc.a(floatsidf.o)
 .debug_rnglists
                0x0000000000000c07       0x6a c:/mikronide/riscv-gcc/bin/../lib/gcc/riscv64-unknown-elf/12.2.1/rv32imc/ilp32\libgcc.a(floatunsidf.o)
 .debug_rnglists
                0x0000000000000c71      0x111 c:/mikronide/riscv-gcc/bin/../lib/gcc/riscv64-unknown-elf/12.2.1/rv32imc/ilp32\libgcc.a(trunctfdf2.o)
 .debug_rnglists
                0x0000000000000d82       0x28 c:/mikronide/riscv-gcc/bin/../lib/gcc/riscv64-unknown-elf/12.2.1/rv32imc/ilp32\libgcc.a(_clzsi2.o)

.debug_macro    0x0000000000000000     0x5835
 .debug_macro   0x0000000000000000      0x28d ./src/main.o
 .debug_macro   0x000000000000028d      0x75a ./src/main.o
 .debug_macro   0x00000000000009e7       0x34 ./src/main.o
 .debug_macro   0x0000000000000a1b       0x22 ./src/main.o
 .debug_macro   0x0000000000000a3d       0x52 ./src/main.o
 .debug_macro   0x0000000000000a8f       0x19 ./src/main.o
 .debug_macro   0x0000000000000aa8       0x94 ./src/main.o
 .debug_macro   0x0000000000000b3c       0x34 ./src/main.o
 .debug_macro   0x0000000000000b70      0x103 ./src/main.o
 .debug_macro   0x0000000000000c73       0x3a ./src/main.o
 .debug_macro   0x0000000000000cad       0x57 ./src/main.o
 .debug_macro   0x0000000000000d04       0x6a ./src/main.o
 .debug_macro   0x0000000000000d6e      0x1df ./src/main.o
 .debug_macro   0x0000000000000f4d       0x89 ./src/main.o
 .debug_macro   0x0000000000000fd6      0x4cc ./src/main.o
 .debug_macro   0x00000000000014a2     0x1886 ./src/main.o
 .debug_macro   0x0000000000002d28       0x76 ./src/main.o
 .debug_macro   0x0000000000002d9e       0xee ./src/main.o
 .debug_macro   0x0000000000002e8c      0x505 ./src/main.o
 .debug_macro   0x0000000000003391      0x1c0 ./src/main.o
 .debug_macro   0x0000000000003551       0x16 ./src/main.o
 .debug_macro   0x0000000000003567       0x22 ./src/main.o
 .debug_macro   0x0000000000003589       0x70 ./src/main.o
 .debug_macro   0x00000000000035f9      0x2bc ./src/main.o
 .debug_macro   0x00000000000038b5      0x1e4 ./src/main.o
 .debug_macro   0x0000000000003a99      0x17e ./src/main.o
 .debug_macro   0x0000000000003c17       0x16 ./src/main.o
 .debug_macro   0x0000000000003c2d      0x300 ./src/main.o
 .debug_macro   0x0000000000003f2d       0x16 ./src/main.o
 .debug_macro   0x0000000000003f43       0xa5 ./src/main.o
 .debug_macro   0x0000000000003fe8       0x94 ./src/main.o
 .debug_macro   0x000000000000407c       0x16 ./src/main.o
 .debug_macro   0x0000000000004092       0x43 ./src/main.o
 .debug_macro   0x00000000000040d5       0x34 ./src/main.o
 .debug_macro   0x0000000000004109       0x10 ./src/main.o
 .debug_macro   0x0000000000004119       0x52 ./src/main.o
 .debug_macro   0x000000000000416b      0x182 ./src/main.o
 .debug_macro   0x00000000000042ed      0x341 ./src/main.o
 .debug_macro   0x000000000000462e       0x16 ./src/main.o
 .debug_macro   0x0000000000004644       0x29 ./src/main.o
 .debug_macro   0x000000000000466d       0x1c ./src/main.o
 .debug_macro   0x0000000000004689       0x35 ./src/main.o
 .debug_macro   0x00000000000046be       0x10 ./src/main.o
 .debug_macro   0x00000000000046ce       0x10 ./src/main.o
 .debug_macro   0x00000000000046de       0x1c ./src/main.o
 .debug_macro   0x00000000000046fa       0x52 ./src/main.o
 .debug_macro   0x000000000000474c       0x22 ./src/main.o
 .debug_macro   0x000000000000476e       0x10 ./src/main.o
 .debug_macro   0x000000000000477e       0x52 ./src/main.o
 .debug_macro   0x00000000000047d0       0xd5 ./src/main.o
 .debug_macro   0x00000000000048a5       0x1c ./src/main.o
 .debug_macro   0x00000000000048c1       0x3d ./src/main.o
 .debug_macro   0x00000000000048fe       0x16 ./src/main.o
 .debug_macro   0x0000000000004914      0x16f ./src/main.o
 .debug_macro   0x0000000000004a83      0x1ee ./src/syscalls.o
 .debug_macro   0x0000000000004c71       0x34 ./src/syscalls.o
 .debug_macro   0x0000000000004ca5      0x189 ./src/syscalls.o
 .debug_macro   0x0000000000004e2e       0x10 ./src/syscalls.o
 .debug_macro   0x0000000000004e3e       0x10 ./src/syscalls.o
 .debug_macro   0x0000000000004e4e       0x10 ./src/syscalls.o
 .debug_macro   0x0000000000004e5e       0x35 ./src/syscalls.o
 .debug_macro   0x0000000000004e93      0x12c ./src/syscalls.o
 .debug_macro   0x0000000000004fbf       0x16 ./src/syscalls.o
 .debug_macro   0x0000000000004fd5      0x51a ./src/syscalls.o
 .debug_macro   0x00000000000054ef       0x10 ./src/syscalls.o
 .debug_macro   0x00000000000054ff      0x241 ./src/syscalls.o
 .debug_macro   0x0000000000005740       0xf5 ./HAL/peripherals/Source/mik32_hal_pcc.o

.debug_line     0x0000000000000000     0x70ce
 .debug_line    0x0000000000000000      0x521 ./src/main.o
 .debug_line    0x0000000000000521      0x7ed ./src/syscalls.o
 .debug_line    0x0000000000000d0e       0xdf ./runtime/crt0.o
 .debug_line    0x0000000000000ded      0xc19 ./HAL/peripherals/Source/mik32_hal_pcc.o
 .debug_line    0x0000000000001a06     0x1037 c:/mikronide/riscv-gcc/bin/../lib/gcc/riscv64-unknown-elf/12.2.1/rv32imc/ilp32\libgcc.a(adddf3.o)
 .debug_line    0x0000000000002a3d      0xf87 c:/mikronide/riscv-gcc/bin/../lib/gcc/riscv64-unknown-elf/12.2.1/rv32imc/ilp32\libgcc.a(divdf3.o)
 .debug_line    0x00000000000039c4      0x215 c:/mikronide/riscv-gcc/bin/../lib/gcc/riscv64-unknown-elf/12.2.1/rv32imc/ilp32\libgcc.a(eqdf2.o)
 .debug_line    0x0000000000003bd9      0x345 c:/mikronide/riscv-gcc/bin/../lib/gcc/riscv64-unknown-elf/12.2.1/rv32imc/ilp32\libgcc.a(gedf2.o)
 .debug_line    0x0000000000003f1e      0x345 c:/mikronide/riscv-gcc/bin/../lib/gcc/riscv64-unknown-elf/12.2.1/rv32imc/ilp32\libgcc.a(ledf2.o)
 .debug_line    0x0000000000004263      0xe0b c:/mikronide/riscv-gcc/bin/../lib/gcc/riscv64-unknown-elf/12.2.1/rv32imc/ilp32\libgcc.a(muldf3.o)
 .debug_line    0x000000000000506e     0x118b c:/mikronide/riscv-gcc/bin/../lib/gcc/riscv64-unknown-elf/12.2.1/rv32imc/ilp32\libgcc.a(subdf3.o)
 .debug_line    0x00000000000061f9      0x16f c:/mikronide/riscv-gcc/bin/../lib/gcc/riscv64-unknown-elf/12.2.1/rv32imc/ilp32\libgcc.a(unorddf2.o)
 .debug_line    0x0000000000006368      0x1db c:/mikronide/riscv-gcc/bin/../lib/gcc/riscv64-unknown-elf/12.2.1/rv32imc/ilp32\libgcc.a(fixdfsi.o)
 .debug_line    0x0000000000006543      0x223 c:/mikronide/riscv-gcc/bin/../lib/gcc/riscv64-unknown-elf/12.2.1/rv32imc/ilp32\libgcc.a(floatsidf.o)
 .debug_line    0x0000000000006766      0x241 c:/mikronide/riscv-gcc/bin/../lib/gcc/riscv64-unknown-elf/12.2.1/rv32imc/ilp32\libgcc.a(floatunsidf.o)
 .debug_line    0x00000000000069a7      0x61d c:/mikronide/riscv-gcc/bin/../lib/gcc/riscv64-unknown-elf/12.2.1/rv32imc/ilp32\libgcc.a(trunctfdf2.o)
 .debug_line    0x0000000000006fc4       0xcb c:/mikronide/riscv-gcc/bin/../lib/gcc/riscv64-unknown-elf/12.2.1/rv32imc/ilp32\libgcc.a(_clzsi2.o)
 .debug_line    0x000000000000708f       0x3f c:/mikronide/riscv-gcc/bin/../lib/gcc/riscv64-unknown-elf/12.2.1/rv32imc/ilp32\libgcc.a(_clz.o)

.debug_str      0x0000000000000000    0x17568
 .debug_str     0x0000000000000000    0x14ea9 ./src/main.o
                                      0x1516f (size before relaxing)
 .debug_str     0x0000000000014ea9     0x1ca0 ./src/syscalls.o
                                       0x7b9d (size before relaxing)
 .debug_str     0x0000000000016b49       0x54 ./runtime/crt0.o
 .debug_str     0x0000000000016b9d      0x2c7 ./HAL/peripherals/Source/mik32_hal_pcc.o
                                       0xa47e (size before relaxing)
 .debug_str     0x0000000000016e64      0x22b c:/mikronide/riscv-gcc/bin/../lib/gcc/riscv64-unknown-elf/12.2.1/rv32imc/ilp32\libgcc.a(adddf3.o)
                                        0x2b1 (size before relaxing)
 .debug_str     0x000000000001708f      0x1b1 c:/mikronide/riscv-gcc/bin/../lib/gcc/riscv64-unknown-elf/12.2.1/rv32imc/ilp32\libgcc.a(divdf3.o)
                                        0x373 (size before relaxing)
 .debug_str     0x0000000000017240       0x27 c:/mikronide/riscv-gcc/bin/../lib/gcc/riscv64-unknown-elf/12.2.1/rv32imc/ilp32\libgcc.a(eqdf2.o)
                                        0x1c3 (size before relaxing)
 .debug_str     0x0000000000017267       0x2c c:/mikronide/riscv-gcc/bin/../lib/gcc/riscv64-unknown-elf/12.2.1/rv32imc/ilp32\libgcc.a(gedf2.o)
                                        0x1e7 (size before relaxing)
 .debug_str     0x0000000000017293        0x8 c:/mikronide/riscv-gcc/bin/../lib/gcc/riscv64-unknown-elf/12.2.1/rv32imc/ilp32\libgcc.a(ledf2.o)
                                        0x1e7 (size before relaxing)
 .debug_str     0x000000000001729b      0x12e c:/mikronide/riscv-gcc/bin/../lib/gcc/riscv64-unknown-elf/12.2.1/rv32imc/ilp32\libgcc.a(muldf3.o)
                                        0x3cb (size before relaxing)
 .debug_str     0x00000000000173c9        0x9 c:/mikronide/riscv-gcc/bin/../lib/gcc/riscv64-unknown-elf/12.2.1/rv32imc/ilp32\libgcc.a(subdf3.o)
                                        0x2b1 (size before relaxing)
 .debug_str     0x00000000000173d2        0xb c:/mikronide/riscv-gcc/bin/../lib/gcc/riscv64-unknown-elf/12.2.1/rv32imc/ilp32\libgcc.a(unorddf2.o)
                                        0x1c6 (size before relaxing)
 .debug_str     0x00000000000173dd       0x25 c:/mikronide/riscv-gcc/bin/../lib/gcc/riscv64-unknown-elf/12.2.1/rv32imc/ilp32\libgcc.a(fixdfsi.o)
                                        0x1be (size before relaxing)
 .debug_str     0x0000000000017402       0x39 c:/mikronide/riscv-gcc/bin/../lib/gcc/riscv64-unknown-elf/12.2.1/rv32imc/ilp32\libgcc.a(floatsidf.o)
                                        0x25b (size before relaxing)
 .debug_str     0x000000000001743b        0xe c:/mikronide/riscv-gcc/bin/../lib/gcc/riscv64-unknown-elf/12.2.1/rv32imc/ilp32\libgcc.a(floatunsidf.o)
                                        0x256 (size before relaxing)
 .debug_str     0x0000000000017449       0xd7 c:/mikronide/riscv-gcc/bin/../lib/gcc/riscv64-unknown-elf/12.2.1/rv32imc/ilp32\libgcc.a(trunctfdf2.o)
                                        0x36e (size before relaxing)
 .debug_str     0x0000000000017520       0x48 c:/mikronide/riscv-gcc/bin/../lib/gcc/riscv64-unknown-elf/12.2.1/rv32imc/ilp32\libgcc.a(_clzsi2.o)
                                        0x1c1 (size before relaxing)
 .debug_str     0x0000000000017568      0x1a4 c:/mikronide/riscv-gcc/bin/../lib/gcc/riscv64-unknown-elf/12.2.1/rv32imc/ilp32\libgcc.a(_clz.o)

.debug_line_str
                0x0000000000000000      0x978
 .debug_line_str
                0x0000000000000000      0x3a7 ./src/main.o
                                        0x44d (size before relaxing)
 .debug_line_str
                0x00000000000003a7       0x42 ./src/syscalls.o
                                        0x2e0 (size before relaxing)
 .debug_line_str
                0x00000000000003e9       0x12 ./runtime/crt0.o
                                         0x4f (size before relaxing)
 .debug_line_str
                0x00000000000003fb       0x50 ./HAL/peripherals/Source/mik32_hal_pcc.o
                                        0x351 (size before relaxing)
 .debug_line_str
                0x000000000000044b      0x125 c:/mikronide/riscv-gcc/bin/../lib/gcc/riscv64-unknown-elf/12.2.1/rv32imc/ilp32\libgcc.a(adddf3.o)
                                        0x1c2 (size before relaxing)
 .debug_line_str
                0x0000000000000570       0x57 c:/mikronide/riscv-gcc/bin/../lib/gcc/riscv64-unknown-elf/12.2.1/rv32imc/ilp32\libgcc.a(divdf3.o)
                                        0x1cc (size before relaxing)
 .debug_line_str
                0x00000000000005c7       0x5c c:/mikronide/riscv-gcc/bin/../lib/gcc/riscv64-unknown-elf/12.2.1/rv32imc/ilp32\libgcc.a(eqdf2.o)
                                        0x1cf (size before relaxing)
 .debug_line_str
                0x0000000000000623       0x4c c:/mikronide/riscv-gcc/bin/../lib/gcc/riscv64-unknown-elf/12.2.1/rv32imc/ilp32\libgcc.a(gedf2.o)
                                        0x1cf (size before relaxing)
 .debug_line_str
                0x000000000000066f       0x4c c:/mikronide/riscv-gcc/bin/../lib/gcc/riscv64-unknown-elf/12.2.1/rv32imc/ilp32\libgcc.a(ledf2.o)
                                        0x1cf (size before relaxing)
 .debug_line_str
                0x00000000000006bb       0x4d c:/mikronide/riscv-gcc/bin/../lib/gcc/riscv64-unknown-elf/12.2.1/rv32imc/ilp32\libgcc.a(muldf3.o)
                                        0x1cc (size before relaxing)
 .debug_line_str
                0x0000000000000708       0x4d c:/mikronide/riscv-gcc/bin/../lib/gcc/riscv64-unknown-elf/12.2.1/rv32imc/ilp32\libgcc.a(subdf3.o)
                                        0x1c2 (size before relaxing)
 .debug_line_str
                0x0000000000000755       0x4f c:/mikronide/riscv-gcc/bin/../lib/gcc/riscv64-unknown-elf/12.2.1/rv32imc/ilp32\libgcc.a(unorddf2.o)
                                        0x1d8 (size before relaxing)
 .debug_line_str
                0x00000000000007a4       0x4e c:/mikronide/riscv-gcc/bin/../lib/gcc/riscv64-unknown-elf/12.2.1/rv32imc/ilp32\libgcc.a(fixdfsi.o)
                                        0x1cf (size before relaxing)
 .debug_line_str
                0x00000000000007f2       0x50 c:/mikronide/riscv-gcc/bin/../lib/gcc/riscv64-unknown-elf/12.2.1/rv32imc/ilp32\libgcc.a(floatsidf.o)
                                        0x1d5 (size before relaxing)
 .debug_line_str
                0x0000000000000842       0x52 c:/mikronide/riscv-gcc/bin/../lib/gcc/riscv64-unknown-elf/12.2.1/rv32imc/ilp32\libgcc.a(floatunsidf.o)
                                        0x1db (size before relaxing)
 .debug_line_str
                0x0000000000000894       0x58 c:/mikronide/riscv-gcc/bin/../lib/gcc/riscv64-unknown-elf/12.2.1/rv32imc/ilp32\libgcc.a(trunctfdf2.o)
                                        0x1d5 (size before relaxing)
 .debug_line_str
                0x00000000000008ec       0x8c c:/mikronide/riscv-gcc/bin/../lib/gcc/riscv64-unknown-elf/12.2.1/rv32imc/ilp32\libgcc.a(_clzsi2.o)
                                        0x1b6 (size before relaxing)
 .debug_line_str
                0x0000000000000978      0x1b6 c:/mikronide/riscv-gcc/bin/../lib/gcc/riscv64-unknown-elf/12.2.1/rv32imc/ilp32\libgcc.a(_clz.o)

.comment        0x0000000000000000       0x18
 .comment       0x0000000000000000       0x18 ./src/main.o
                                         0x19 (size before relaxing)
 .comment       0x0000000000000018       0x19 ./src/syscalls.o
 .comment       0x0000000000000018       0x19 ./HAL/peripherals/Source/mik32_hal_pcc.o
 .comment       0x0000000000000018       0x19 c:/mikronide/riscv-gcc/bin/../lib/gcc/riscv64-unknown-elf/12.2.1/../../../../riscv64-unknown-elf/lib/rv32imc/ilp32\libc_nano.a(lib_a-nano-vfprintf_float.o)
 .comment       0x0000000000000018       0x19 c:/mikronide/riscv-gcc/bin/../lib/gcc/riscv64-unknown-elf/12.2.1/../../../../riscv64-unknown-elf/lib/rv32imc/ilp32\libc_nano.a(lib_a-nano-vfprintf_i.o)
 .comment       0x0000000000000018       0x19 c:/mikronide/riscv-gcc/bin/../lib/gcc/riscv64-unknown-elf/12.2.1/../../../../riscv64-unknown-elf/lib/rv32imc/ilp32\libc_nano.a(lib_a-printf.o)
 .comment       0x0000000000000018       0x19 c:/mikronide/riscv-gcc/bin/../lib/gcc/riscv64-unknown-elf/12.2.1/../../../../riscv64-unknown-elf/lib/rv32imc/ilp32\libc_nano.a(lib_a-puts.o)
 .comment       0x0000000000000018       0x19 c:/mikronide/riscv-gcc/bin/../lib/gcc/riscv64-unknown-elf/12.2.1/../../../../riscv64-unknown-elf/lib/rv32imc/ilp32\libc_nano.a(lib_a-reent.o)
 .comment       0x0000000000000018       0x19 c:/mikronide/riscv-gcc/bin/../lib/gcc/riscv64-unknown-elf/12.2.1/../../../../riscv64-unknown-elf/lib/rv32imc/ilp32\libc_nano.a(lib_a-strlen.o)
 .comment       0x0000000000000018       0x19 c:/mikronide/riscv-gcc/bin/../lib/gcc/riscv64-unknown-elf/12.2.1/../../../../riscv64-unknown-elf/lib/rv32imc/ilp32\libc_nano.a(lib_a-wbuf.o)
 .comment       0x0000000000000018       0x19 c:/mikronide/riscv-gcc/bin/../lib/gcc/riscv64-unknown-elf/12.2.1/../../../../riscv64-unknown-elf/lib/rv32imc/ilp32\libc_nano.a(lib_a-wsetup.o)
 .comment       0x0000000000000018       0x19 c:/mikronide/riscv-gcc/bin/../lib/gcc/riscv64-unknown-elf/12.2.1/../../../../riscv64-unknown-elf/lib/rv32imc/ilp32\libc_nano.a(lib_a-dtoa.o)
 .comment       0x0000000000000018       0x19 c:/mikronide/riscv-gcc/bin/../lib/gcc/riscv64-unknown-elf/12.2.1/../../../../riscv64-unknown-elf/lib/rv32imc/ilp32\libc_nano.a(lib_a-fflush.o)
 .comment       0x0000000000000018       0x19 c:/mikronide/riscv-gcc/bin/../lib/gcc/riscv64-unknown-elf/12.2.1/../../../../riscv64-unknown-elf/lib/rv32imc/ilp32\libc_nano.a(lib_a-findfp.o)
 .comment       0x0000000000000018       0x19 c:/mikronide/riscv-gcc/bin/../lib/gcc/riscv64-unknown-elf/12.2.1/../../../../riscv64-unknown-elf/lib/rv32imc/ilp32\libc_nano.a(lib_a-fwalk.o)
 .comment       0x0000000000000018       0x19 c:/mikronide/riscv-gcc/bin/../lib/gcc/riscv64-unknown-elf/12.2.1/../../../../riscv64-unknown-elf/lib/rv32imc/ilp32\libc_nano.a(lib_a-impure.o)
 .comment       0x0000000000000018       0x19 c:/mikronide/riscv-gcc/bin/../lib/gcc/riscv64-unknown-elf/12.2.1/../../../../riscv64-unknown-elf/lib/rv32imc/ilp32\libc_nano.a(lib_a-localeconv.o)
 .comment       0x0000000000000018       0x19 c:/mikronide/riscv-gcc/bin/../lib/gcc/riscv64-unknown-elf/12.2.1/../../../../riscv64-unknown-elf/lib/rv32imc/ilp32\libc_nano.a(lib_a-makebuf.o)
 .comment       0x0000000000000018       0x19 c:/mikronide/riscv-gcc/bin/../lib/gcc/riscv64-unknown-elf/12.2.1/../../../../riscv64-unknown-elf/lib/rv32imc/ilp32\libc_nano.a(lib_a-malloc.o)
 .comment       0x0000000000000018       0x19 c:/mikronide/riscv-gcc/bin/../lib/gcc/riscv64-unknown-elf/12.2.1/../../../../riscv64-unknown-elf/lib/rv32imc/ilp32\libc_nano.a(lib_a-memchr.o)
 .comment       0x0000000000000018       0x19 c:/mikronide/riscv-gcc/bin/../lib/gcc/riscv64-unknown-elf/12.2.1/../../../../riscv64-unknown-elf/lib/rv32imc/ilp32\libc_nano.a(lib_a-mprec.o)
 .comment       0x0000000000000018       0x19 c:/mikronide/riscv-gcc/bin/../lib/gcc/riscv64-unknown-elf/12.2.1/../../../../riscv64-unknown-elf/lib/rv32imc/ilp32\libc_nano.a(lib_a-nano-callocr.o)
 .comment       0x0000000000000018       0x19 c:/mikronide/riscv-gcc/bin/../lib/gcc/riscv64-unknown-elf/12.2.1/../../../../riscv64-unknown-elf/lib/rv32imc/ilp32\libc_nano.a(lib_a-nano-freer.o)
 .comment       0x0000000000000018       0x19 c:/mikronide/riscv-gcc/bin/../lib/gcc/riscv64-unknown-elf/12.2.1/../../../../riscv64-unknown-elf/lib/rv32imc/ilp32\libc_nano.a(lib_a-nano-mallocr.o)
 .comment       0x0000000000000018       0x19 c:/mikronide/riscv-gcc/bin/../lib/gcc/riscv64-unknown-elf/12.2.1/../../../../riscv64-unknown-elf/lib/rv32imc/ilp32\libc_nano.a(lib_a-nano-vfprintf.o)
 .comment       0x0000000000000018       0x19 c:/mikronide/riscv-gcc/bin/../lib/gcc/riscv64-unknown-elf/12.2.1/../../../../riscv64-unknown-elf/lib/rv32imc/ilp32\libc_nano.a(lib_a-sbrkr.o)
 .comment       0x0000000000000018       0x19 c:/mikronide/riscv-gcc/bin/../lib/gcc/riscv64-unknown-elf/12.2.1/../../../../riscv64-unknown-elf/lib/rv32imc/ilp32\libc_nano.a(lib_a-stdio.o)
 .comment       0x0000000000000018       0x19 c:/mikronide/riscv-gcc/bin/../lib/gcc/riscv64-unknown-elf/12.2.1/../../../../riscv64-unknown-elf/lib/rv32imc/ilp32\libc_nano.a(lib_a-writer.o)
 .comment       0x0000000000000018       0x19 c:/mikronide/riscv-gcc/bin/../lib/gcc/riscv64-unknown-elf/12.2.1/../../../../riscv64-unknown-elf/lib/rv32imc/ilp32\libc_nano.a(lib_a-assert.o)
 .comment       0x0000000000000018       0x19 c:/mikronide/riscv-gcc/bin/../lib/gcc/riscv64-unknown-elf/12.2.1/../../../../riscv64-unknown-elf/lib/rv32imc/ilp32\libc_nano.a(lib_a-closer.o)
 .comment       0x0000000000000018       0x19 c:/mikronide/riscv-gcc/bin/../lib/gcc/riscv64-unknown-elf/12.2.1/../../../../riscv64-unknown-elf/lib/rv32imc/ilp32\libc_nano.a(lib_a-fprintf.o)
 .comment       0x0000000000000018       0x19 c:/mikronide/riscv-gcc/bin/../lib/gcc/riscv64-unknown-elf/12.2.1/../../../../riscv64-unknown-elf/lib/rv32imc/ilp32\libc_nano.a(lib_a-fstatr.o)
 .comment       0x0000000000000018       0x19 c:/mikronide/riscv-gcc/bin/../lib/gcc/riscv64-unknown-elf/12.2.1/../../../../riscv64-unknown-elf/lib/rv32imc/ilp32\libc_nano.a(lib_a-isattyr.o)
 .comment       0x0000000000000018       0x19 c:/mikronide/riscv-gcc/bin/../lib/gcc/riscv64-unknown-elf/12.2.1/../../../../riscv64-unknown-elf/lib/rv32imc/ilp32\libc_nano.a(lib_a-locale.o)
 .comment       0x0000000000000018       0x19 c:/mikronide/riscv-gcc/bin/../lib/gcc/riscv64-unknown-elf/12.2.1/../../../../riscv64-unknown-elf/lib/rv32imc/ilp32\libc_nano.a(lib_a-lseekr.o)
 .comment       0x0000000000000018       0x19 c:/mikronide/riscv-gcc/bin/../lib/gcc/riscv64-unknown-elf/12.2.1/../../../../riscv64-unknown-elf/lib/rv32imc/ilp32\libc_nano.a(lib_a-mbtowc_r.o)
 .comment       0x0000000000000018       0x19 c:/mikronide/riscv-gcc/bin/../lib/gcc/riscv64-unknown-elf/12.2.1/../../../../riscv64-unknown-elf/lib/rv32imc/ilp32\libc_nano.a(lib_a-mlock.o)
 .comment       0x0000000000000018       0x19 c:/mikronide/riscv-gcc/bin/../lib/gcc/riscv64-unknown-elf/12.2.1/../../../../riscv64-unknown-elf/lib/rv32imc/ilp32\libc_nano.a(lib_a-readr.o)
 .comment       0x0000000000000018       0x19 c:/mikronide/riscv-gcc/bin/../lib/gcc/riscv64-unknown-elf/12.2.1/../../../../riscv64-unknown-elf/lib/rv32imc/ilp32\libc_nano.a(lib_a-wctomb_r.o)
 .comment       0x0000000000000018       0x19 c:/mikronide/riscv-gcc/bin/../lib/gcc/riscv64-unknown-elf/12.2.1/../../../../riscv64-unknown-elf/lib/rv32imc/ilp32\libc_nano.a(lib_a-abort.o)
 .comment       0x0000000000000018       0x19 c:/mikronide/riscv-gcc/bin/../lib/gcc/riscv64-unknown-elf/12.2.1/../../../../riscv64-unknown-elf/lib/rv32imc/ilp32\libc_nano.a(lib_a-ctype_.o)
 .comment       0x0000000000000018       0x19 c:/mikronide/riscv-gcc/bin/../lib/gcc/riscv64-unknown-elf/12.2.1/../../../../riscv64-unknown-elf/lib/rv32imc/ilp32\libc_nano.a(lib_a-signal.o)
 .comment       0x0000000000000018       0x19 c:/mikronide/riscv-gcc/bin/../lib/gcc/riscv64-unknown-elf/12.2.1/../../../../riscv64-unknown-elf/lib/rv32imc/ilp32\libc_nano.a(lib_a-signalr.o)
 .comment       0x0000000000000018       0x19 c:/mikronide/riscv-gcc/bin/../lib/gcc/riscv64-unknown-elf/12.2.1/rv32imc/ilp32\libgcc.a(adddf3.o)
 .comment       0x0000000000000018       0x19 c:/mikronide/riscv-gcc/bin/../lib/gcc/riscv64-unknown-elf/12.2.1/rv32imc/ilp32\libgcc.a(divdf3.o)
 .comment       0x0000000000000018       0x19 c:/mikronide/riscv-gcc/bin/../lib/gcc/riscv64-unknown-elf/12.2.1/rv32imc/ilp32\libgcc.a(eqdf2.o)
 .comment       0x0000000000000018       0x19 c:/mikronide/riscv-gcc/bin/../lib/gcc/riscv64-unknown-elf/12.2.1/rv32imc/ilp32\libgcc.a(gedf2.o)
 .comment       0x0000000000000018       0x19 c:/mikronide/riscv-gcc/bin/../lib/gcc/riscv64-unknown-elf/12.2.1/rv32imc/ilp32\libgcc.a(ledf2.o)
 .comment       0x0000000000000018       0x19 c:/mikronide/riscv-gcc/bin/../lib/gcc/riscv64-unknown-elf/12.2.1/rv32imc/ilp32\libgcc.a(muldf3.o)
 .comment       0x0000000000000018       0x19 c:/mikronide/riscv-gcc/bin/../lib/gcc/riscv64-unknown-elf/12.2.1/rv32imc/ilp32\libgcc.a(subdf3.o)
 .comment       0x0000000000000018       0x19 c:/mikronide/riscv-gcc/bin/../lib/gcc/riscv64-unknown-elf/12.2.1/rv32imc/ilp32\libgcc.a(unorddf2.o)
 .comment       0x0000000000000018       0x19 c:/mikronide/riscv-gcc/bin/../lib/gcc/riscv64-unknown-elf/12.2.1/rv32imc/ilp32\libgcc.a(fixdfsi.o)
 .comment       0x0000000000000018       0x19 c:/mikronide/riscv-gcc/bin/../lib/gcc/riscv64-unknown-elf/12.2.1/rv32imc/ilp32\libgcc.a(floatsidf.o)
 .comment       0x0000000000000018       0x19 c:/mikronide/riscv-gcc/bin/../lib/gcc/riscv64-unknown-elf/12.2.1/rv32imc/ilp32\libgcc.a(floatunsidf.o)
 .comment       0x0000000000000018       0x19 c:/mikronide/riscv-gcc/bin/../lib/gcc/riscv64-unknown-elf/12.2.1/rv32imc/ilp32\libgcc.a(trunctfdf2.o)
 .comment       0x0000000000000018       0x19 c:/mikronide/riscv-gcc/bin/../lib/gcc/riscv64-unknown-elf/12.2.1/rv32imc/ilp32\libgcc.a(_clzsi2.o)
 .comment       0x0000000000000018       0x19 c:/mikronide/riscv-gcc/bin/../lib/gcc/riscv64-unknown-elf/12.2.1/rv32imc/ilp32\libgcc.a(_clz.o)

.riscv.attributes
                0x0000000000000000       0x3f
 .riscv.attributes
                0x0000000000000000       0x3f ./src/main.o
 .riscv.attributes
                0x000000000000003f       0x3b ./src/syscalls.o
 .riscv.attributes
                0x000000000000007a       0x3d ./runtime/crt0.o
 .riscv.attributes
                0x00000000000000b7       0x3b ./HAL/peripherals/Source/mik32_hal_pcc.o
 .riscv.attributes
                0x00000000000000f2       0x26 c:/mikronide/riscv-gcc/bin/../lib/gcc/riscv64-unknown-elf/12.2.1/../../../../riscv64-unknown-elf/lib/rv32imc/ilp32\libc_nano.a(lib_a-nano-vfprintf_float.o)
 .riscv.attributes
                0x0000000000000118       0x26 c:/mikronide/riscv-gcc/bin/../lib/gcc/riscv64-unknown-elf/12.2.1/../../../../riscv64-unknown-elf/lib/rv32imc/ilp32\libc_nano.a(lib_a-nano-vfprintf_i.o)
 .riscv.attributes
                0x000000000000013e       0x26 c:/mikronide/riscv-gcc/bin/../lib/gcc/riscv64-unknown-elf/12.2.1/../../../../riscv64-unknown-elf/lib/rv32imc/ilp32\libc_nano.a(lib_a-printf.o)
 .riscv.attributes
                0x0000000000000164       0x26 c:/mikronide/riscv-gcc/bin/../lib/gcc/riscv64-unknown-elf/12.2.1/../../../../riscv64-unknown-elf/lib/rv32imc/ilp32\libc_nano.a(lib_a-puts.o)
 .riscv.attributes
                0x000000000000018a       0x26 c:/mikronide/riscv-gcc/bin/../lib/gcc/riscv64-unknown-elf/12.2.1/../../../../riscv64-unknown-elf/lib/rv32imc/ilp32\libc_nano.a(lib_a-reent.o)
 .riscv.attributes
                0x00000000000001b0       0x26 c:/mikronide/riscv-gcc/bin/../lib/gcc/riscv64-unknown-elf/12.2.1/../../../../riscv64-unknown-elf/lib/rv32imc/ilp32\libc_nano.a(lib_a-strlen.o)
 .riscv.attributes
                0x00000000000001d6       0x26 c:/mikronide/riscv-gcc/bin/../lib/gcc/riscv64-unknown-elf/12.2.1/../../../../riscv64-unknown-elf/lib/rv32imc/ilp32\libc_nano.a(lib_a-wbuf.o)
 .riscv.attributes
                0x00000000000001fc       0x26 c:/mikronide/riscv-gcc/bin/../lib/gcc/riscv64-unknown-elf/12.2.1/../../../../riscv64-unknown-elf/lib/rv32imc/ilp32\libc_nano.a(lib_a-wsetup.o)
 .riscv.attributes
                0x0000000000000222       0x26 c:/mikronide/riscv-gcc/bin/../lib/gcc/riscv64-unknown-elf/12.2.1/../../../../riscv64-unknown-elf/lib/rv32imc/ilp32\libc_nano.a(lib_a-dtoa.o)
 .riscv.attributes
                0x0000000000000248       0x26 c:/mikronide/riscv-gcc/bin/../lib/gcc/riscv64-unknown-elf/12.2.1/../../../../riscv64-unknown-elf/lib/rv32imc/ilp32\libc_nano.a(lib_a-fflush.o)
 .riscv.attributes
                0x000000000000026e       0x26 c:/mikronide/riscv-gcc/bin/../lib/gcc/riscv64-unknown-elf/12.2.1/../../../../riscv64-unknown-elf/lib/rv32imc/ilp32\libc_nano.a(lib_a-findfp.o)
 .riscv.attributes
                0x0000000000000294       0x26 c:/mikronide/riscv-gcc/bin/../lib/gcc/riscv64-unknown-elf/12.2.1/../../../../riscv64-unknown-elf/lib/rv32imc/ilp32\libc_nano.a(lib_a-fwalk.o)
 .riscv.attributes
                0x00000000000002ba       0x26 c:/mikronide/riscv-gcc/bin/../lib/gcc/riscv64-unknown-elf/12.2.1/../../../../riscv64-unknown-elf/lib/rv32imc/ilp32\libc_nano.a(lib_a-impure.o)
 .riscv.attributes
                0x00000000000002e0       0x26 c:/mikronide/riscv-gcc/bin/../lib/gcc/riscv64-unknown-elf/12.2.1/../../../../riscv64-unknown-elf/lib/rv32imc/ilp32\libc_nano.a(lib_a-localeconv.o)
 .riscv.attributes
                0x0000000000000306       0x26 c:/mikronide/riscv-gcc/bin/../lib/gcc/riscv64-unknown-elf/12.2.1/../../../../riscv64-unknown-elf/lib/rv32imc/ilp32\libc_nano.a(lib_a-makebuf.o)
 .riscv.attributes
                0x000000000000032c       0x26 c:/mikronide/riscv-gcc/bin/../lib/gcc/riscv64-unknown-elf/12.2.1/../../../../riscv64-unknown-elf/lib/rv32imc/ilp32\libc_nano.a(lib_a-malloc.o)
 .riscv.attributes
                0x0000000000000352       0x26 c:/mikronide/riscv-gcc/bin/../lib/gcc/riscv64-unknown-elf/12.2.1/../../../../riscv64-unknown-elf/lib/rv32imc/ilp32\libc_nano.a(lib_a-memchr.o)
 .riscv.attributes
                0x0000000000000378       0x24 c:/mikronide/riscv-gcc/bin/../lib/gcc/riscv64-unknown-elf/12.2.1/../../../../riscv64-unknown-elf/lib/rv32imc/ilp32\libc_nano.a(lib_a-memcpy-asm.o)
 .riscv.attributes
                0x000000000000039c       0x24 c:/mikronide/riscv-gcc/bin/../lib/gcc/riscv64-unknown-elf/12.2.1/../../../../riscv64-unknown-elf/lib/rv32imc/ilp32\libc_nano.a(lib_a-memset.o)
 .riscv.attributes
                0x00000000000003c0       0x26 c:/mikronide/riscv-gcc/bin/../lib/gcc/riscv64-unknown-elf/12.2.1/../../../../riscv64-unknown-elf/lib/rv32imc/ilp32\libc_nano.a(lib_a-mprec.o)
 .riscv.attributes
                0x00000000000003e6       0x26 c:/mikronide/riscv-gcc/bin/../lib/gcc/riscv64-unknown-elf/12.2.1/../../../../riscv64-unknown-elf/lib/rv32imc/ilp32\libc_nano.a(lib_a-nano-callocr.o)
 .riscv.attributes
                0x000000000000040c       0x26 c:/mikronide/riscv-gcc/bin/../lib/gcc/riscv64-unknown-elf/12.2.1/../../../../riscv64-unknown-elf/lib/rv32imc/ilp32\libc_nano.a(lib_a-nano-freer.o)
 .riscv.attributes
                0x0000000000000432       0x26 c:/mikronide/riscv-gcc/bin/../lib/gcc/riscv64-unknown-elf/12.2.1/../../../../riscv64-unknown-elf/lib/rv32imc/ilp32\libc_nano.a(lib_a-nano-mallocr.o)
 .riscv.attributes
                0x0000000000000458       0x26 c:/mikronide/riscv-gcc/bin/../lib/gcc/riscv64-unknown-elf/12.2.1/../../../../riscv64-unknown-elf/lib/rv32imc/ilp32\libc_nano.a(lib_a-nano-vfprintf.o)
 .riscv.attributes
                0x000000000000047e       0x26 c:/mikronide/riscv-gcc/bin/../lib/gcc/riscv64-unknown-elf/12.2.1/../../../../riscv64-unknown-elf/lib/rv32imc/ilp32\libc_nano.a(lib_a-sbrkr.o)
 .riscv.attributes
                0x00000000000004a4       0x26 c:/mikronide/riscv-gcc/bin/../lib/gcc/riscv64-unknown-elf/12.2.1/../../../../riscv64-unknown-elf/lib/rv32imc/ilp32\libc_nano.a(lib_a-stdio.o)
 .riscv.attributes
                0x00000000000004ca       0x26 c:/mikronide/riscv-gcc/bin/../lib/gcc/riscv64-unknown-elf/12.2.1/../../../../riscv64-unknown-elf/lib/rv32imc/ilp32\libc_nano.a(lib_a-writer.o)
 .riscv.attributes
                0x00000000000004f0       0x26 c:/mikronide/riscv-gcc/bin/../lib/gcc/riscv64-unknown-elf/12.2.1/../../../../riscv64-unknown-elf/lib/rv32imc/ilp32\libc_nano.a(lib_a-assert.o)
 .riscv.attributes
                0x0000000000000516       0x26 c:/mikronide/riscv-gcc/bin/../lib/gcc/riscv64-unknown-elf/12.2.1/../../../../riscv64-unknown-elf/lib/rv32imc/ilp32\libc_nano.a(lib_a-closer.o)
 .riscv.attributes
                0x000000000000053c       0x26 c:/mikronide/riscv-gcc/bin/../lib/gcc/riscv64-unknown-elf/12.2.1/../../../../riscv64-unknown-elf/lib/rv32imc/ilp32\libc_nano.a(lib_a-fprintf.o)
 .riscv.attributes
                0x0000000000000562       0x26 c:/mikronide/riscv-gcc/bin/../lib/gcc/riscv64-unknown-elf/12.2.1/../../../../riscv64-unknown-elf/lib/rv32imc/ilp32\libc_nano.a(lib_a-fstatr.o)
 .riscv.attributes
                0x0000000000000588       0x26 c:/mikronide/riscv-gcc/bin/../lib/gcc/riscv64-unknown-elf/12.2.1/../../../../riscv64-unknown-elf/lib/rv32imc/ilp32\libc_nano.a(lib_a-isattyr.o)
 .riscv.attributes
                0x00000000000005ae       0x26 c:/mikronide/riscv-gcc/bin/../lib/gcc/riscv64-unknown-elf/12.2.1/../../../../riscv64-unknown-elf/lib/rv32imc/ilp32\libc_nano.a(lib_a-locale.o)
 .riscv.attributes
                0x00000000000005d4       0x26 c:/mikronide/riscv-gcc/bin/../lib/gcc/riscv64-unknown-elf/12.2.1/../../../../riscv64-unknown-elf/lib/rv32imc/ilp32\libc_nano.a(lib_a-lseekr.o)
 .riscv.attributes
                0x00000000000005fa       0x26 c:/mikronide/riscv-gcc/bin/../lib/gcc/riscv64-unknown-elf/12.2.1/../../../../riscv64-unknown-elf/lib/rv32imc/ilp32\libc_nano.a(lib_a-mbtowc_r.o)
 .riscv.attributes
                0x0000000000000620       0x26 c:/mikronide/riscv-gcc/bin/../lib/gcc/riscv64-unknown-elf/12.2.1/../../../../riscv64-unknown-elf/lib/rv32imc/ilp32\libc_nano.a(lib_a-mlock.o)
 .riscv.attributes
                0x0000000000000646       0x26 c:/mikronide/riscv-gcc/bin/../lib/gcc/riscv64-unknown-elf/12.2.1/../../../../riscv64-unknown-elf/lib/rv32imc/ilp32\libc_nano.a(lib_a-readr.o)
 .riscv.attributes
                0x000000000000066c       0x26 c:/mikronide/riscv-gcc/bin/../lib/gcc/riscv64-unknown-elf/12.2.1/../../../../riscv64-unknown-elf/lib/rv32imc/ilp32\libc_nano.a(lib_a-wctomb_r.o)
 .riscv.attributes
                0x0000000000000692       0x26 c:/mikronide/riscv-gcc/bin/../lib/gcc/riscv64-unknown-elf/12.2.1/../../../../riscv64-unknown-elf/lib/rv32imc/ilp32\libc_nano.a(lib_a-abort.o)
 .riscv.attributes
                0x00000000000006b8       0x26 c:/mikronide/riscv-gcc/bin/../lib/gcc/riscv64-unknown-elf/12.2.1/../../../../riscv64-unknown-elf/lib/rv32imc/ilp32\libc_nano.a(lib_a-ctype_.o)
 .riscv.attributes
                0x00000000000006de       0x26 c:/mikronide/riscv-gcc/bin/../lib/gcc/riscv64-unknown-elf/12.2.1/../../../../riscv64-unknown-elf/lib/rv32imc/ilp32\libc_nano.a(lib_a-signal.o)
 .riscv.attributes
                0x0000000000000704       0x26 c:/mikronide/riscv-gcc/bin/../lib/gcc/riscv64-unknown-elf/12.2.1/../../../../riscv64-unknown-elf/lib/rv32imc/ilp32\libc_nano.a(lib_a-signalr.o)
 .riscv.attributes
                0x000000000000072a       0x26 c:/mikronide/riscv-gcc/bin/../lib/gcc/riscv64-unknown-elf/12.2.1/rv32imc/ilp32\libgcc.a(adddf3.o)
 .riscv.attributes
                0x0000000000000750       0x26 c:/mikronide/riscv-gcc/bin/../lib/gcc/riscv64-unknown-elf/12.2.1/rv32imc/ilp32\libgcc.a(divdf3.o)
 .riscv.attributes
                0x0000000000000776       0x26 c:/mikronide/riscv-gcc/bin/../lib/gcc/riscv64-unknown-elf/12.2.1/rv32imc/ilp32\libgcc.a(eqdf2.o)
 .riscv.attributes
                0x000000000000079c       0x26 c:/mikronide/riscv-gcc/bin/../lib/gcc/riscv64-unknown-elf/12.2.1/rv32imc/ilp32\libgcc.a(gedf2.o)
 .riscv.attributes
                0x00000000000007c2       0x26 c:/mikronide/riscv-gcc/bin/../lib/gcc/riscv64-unknown-elf/12.2.1/rv32imc/ilp32\libgcc.a(ledf2.o)
 .riscv.attributes
                0x00000000000007e8       0x26 c:/mikronide/riscv-gcc/bin/../lib/gcc/riscv64-unknown-elf/12.2.1/rv32imc/ilp32\libgcc.a(muldf3.o)
 .riscv.attributes
                0x000000000000080e       0x26 c:/mikronide/riscv-gcc/bin/../lib/gcc/riscv64-unknown-elf/12.2.1/rv32imc/ilp32\libgcc.a(subdf3.o)
 .riscv.attributes
                0x0000000000000834       0x26 c:/mikronide/riscv-gcc/bin/../lib/gcc/riscv64-unknown-elf/12.2.1/rv32imc/ilp32\libgcc.a(unorddf2.o)
 .riscv.attributes
                0x000000000000085a       0x26 c:/mikronide/riscv-gcc/bin/../lib/gcc/riscv64-unknown-elf/12.2.1/rv32imc/ilp32\libgcc.a(fixdfsi.o)
 .riscv.attributes
                0x0000000000000880       0x26 c:/mikronide/riscv-gcc/bin/../lib/gcc/riscv64-unknown-elf/12.2.1/rv32imc/ilp32\libgcc.a(floatsidf.o)
 .riscv.attributes
                0x00000000000008a6       0x26 c:/mikronide/riscv-gcc/bin/../lib/gcc/riscv64-unknown-elf/12.2.1/rv32imc/ilp32\libgcc.a(floatunsidf.o)
 .riscv.attributes
                0x00000000000008cc       0x26 c:/mikronide/riscv-gcc/bin/../lib/gcc/riscv64-unknown-elf/12.2.1/rv32imc/ilp32\libgcc.a(trunctfdf2.o)
 .riscv.attributes
                0x00000000000008f2       0x26 c:/mikronide/riscv-gcc/bin/../lib/gcc/riscv64-unknown-elf/12.2.1/rv32imc/ilp32\libgcc.a(_clzsi2.o)
 .riscv.attributes
                0x0000000000000918       0x26 c:/mikronide/riscv-gcc/bin/../lib/gcc/riscv64-unknown-elf/12.2.1/rv32imc/ilp32\libgcc.a(_clz.o)

.debug_frame    0x0000000000000000      0x640
 .debug_frame   0x0000000000000000       0x54 ./src/main.o
 .debug_frame   0x0000000000000054      0x240 ./src/syscalls.o
 .debug_frame   0x0000000000000294      0x124 ./HAL/peripherals/Source/mik32_hal_pcc.o
 .debug_frame   0x00000000000003b8       0x44 c:/mikronide/riscv-gcc/bin/../lib/gcc/riscv64-unknown-elf/12.2.1/rv32imc/ilp32\libgcc.a(adddf3.o)
 .debug_frame   0x00000000000003fc       0x54 c:/mikronide/riscv-gcc/bin/../lib/gcc/riscv64-unknown-elf/12.2.1/rv32imc/ilp32\libgcc.a(divdf3.o)
 .debug_frame   0x0000000000000450       0x20 c:/mikronide/riscv-gcc/bin/../lib/gcc/riscv64-unknown-elf/12.2.1/rv32imc/ilp32\libgcc.a(eqdf2.o)
 .debug_frame   0x0000000000000470       0x20 c:/mikronide/riscv-gcc/bin/../lib/gcc/riscv64-unknown-elf/12.2.1/rv32imc/ilp32\libgcc.a(gedf2.o)
 .debug_frame   0x0000000000000490       0x20 c:/mikronide/riscv-gcc/bin/../lib/gcc/riscv64-unknown-elf/12.2.1/rv32imc/ilp32\libgcc.a(ledf2.o)
 .debug_frame   0x00000000000004b0       0x54 c:/mikronide/riscv-gcc/bin/../lib/gcc/riscv64-unknown-elf/12.2.1/rv32imc/ilp32\libgcc.a(muldf3.o)
 .debug_frame   0x0000000000000504       0x44 c:/mikronide/riscv-gcc/bin/../lib/gcc/riscv64-unknown-elf/12.2.1/rv32imc/ilp32\libgcc.a(subdf3.o)
 .debug_frame   0x0000000000000548       0x20 c:/mikronide/riscv-gcc/bin/../lib/gcc/riscv64-unknown-elf/12.2.1/rv32imc/ilp32\libgcc.a(unorddf2.o)
 .debug_frame   0x0000000000000568       0x20 c:/mikronide/riscv-gcc/bin/../lib/gcc/riscv64-unknown-elf/12.2.1/rv32imc/ilp32\libgcc.a(fixdfsi.o)
 .debug_frame   0x0000000000000588       0x38 c:/mikronide/riscv-gcc/bin/../lib/gcc/riscv64-unknown-elf/12.2.1/rv32imc/ilp32\libgcc.a(floatsidf.o)
 .debug_frame   0x00000000000005c0       0x34 c:/mikronide/riscv-gcc/bin/../lib/gcc/riscv64-unknown-elf/12.2.1/rv32imc/ilp32\libgcc.a(floatunsidf.o)
 .debug_frame   0x00000000000005f4       0x2c c:/mikronide/riscv-gcc/bin/../lib/gcc/riscv64-unknown-elf/12.2.1/rv32imc/ilp32\libgcc.a(trunctfdf2.o)
 .debug_frame   0x0000000000000620       0x20 c:/mikronide/riscv-gcc/bin/../lib/gcc/riscv64-unknown-elf/12.2.1/rv32imc/ilp32\libgcc.a(_clzsi2.o)
