Archive member included to satisfy reference by file (symbol)

c:/mikronide/riscv-gcc/bin/../lib/gcc/riscv64-unknown-elf/12.2.1/../../../../riscv64-unknown-elf/lib/rv32imc/ilp32\libc.a(lib_a-memcmp.o)
                              ./src/Network/arp.o (memcmp)
c:/mikronide/riscv-gcc/bin/../lib/gcc/riscv64-unknown-elf/12.2.1/../../../../riscv64-unknown-elf/lib/rv32imc/ilp32\libc.a(lib_a-memcpy.o)
                              ./src/Network/icmp.o (memcpy)
c:/mikronide/riscv-gcc/bin/../lib/gcc/riscv64-unknown-elf/12.2.1/../../../../riscv64-unknown-elf/lib/rv32imc/ilp32\libc.a(lib_a-strlen.o)
                              ./src/main.o (strlen)
c:/mikronide/riscv-gcc/bin/../lib/gcc/riscv64-unknown-elf/12.2.1/../../../../riscv64-unknown-elf/lib/rv32imc/ilp32\libc.a(lib_a-strstr.o)
                              ./src/main.o (strstr)
c:/mikronide/riscv-gcc/bin/../lib/gcc/riscv64-unknown-elf/12.2.1/../../../../riscv64-unknown-elf/lib/rv32imc/ilp32\libc.a(lib_a-memset.o)
                              c:/mikronide/riscv-gcc/bin/../lib/gcc/riscv64-unknown-elf/12.2.1/../../../../riscv64-unknown-elf/lib/rv32imc/ilp32\libc.a(lib_a-strstr.o) (memset)
c:/mikronide/riscv-gcc/bin/../lib/gcc/riscv64-unknown-elf/12.2.1/../../../../riscv64-unknown-elf/lib/rv32imc/ilp32\libc.a(lib_a-strchr.o)
                              c:/mikronide/riscv-gcc/bin/../lib/gcc/riscv64-unknown-elf/12.2.1/../../../../riscv64-unknown-elf/lib/rv32imc/ilp32\libc.a(lib_a-strstr.o) (strchr)
c:/mikronide/riscv-gcc/bin/../lib/gcc/riscv64-unknown-elf/12.2.1/../../../../riscv64-unknown-elf/lib/rv32imc/ilp32\libc.a(lib_a-strnlen.o)
                              c:/mikronide/riscv-gcc/bin/../lib/gcc/riscv64-unknown-elf/12.2.1/../../../../riscv64-unknown-elf/lib/rv32imc/ilp32\libc.a(lib_a-strstr.o) (strnlen)

Discarded input sections

 .group         0x0000000000000000        0xc ./src/Network/arp.o
 .group         0x0000000000000000        0xc ./src/Network/arp.o
 .group         0x0000000000000000        0xc ./src/Network/arp.o
 .group         0x0000000000000000        0xc ./src/Network/arp.o
 .group         0x0000000000000000        0xc ./src/Network/arp.o
 .group         0x0000000000000000        0xc ./src/Network/arp.o
 .group         0x0000000000000000        0xc ./src/Network/arp.o
 .group         0x0000000000000000        0xc ./src/Network/arp.o
 .group         0x0000000000000000        0xc ./src/Network/arp.o
 .group         0x0000000000000000        0xc ./src/Network/arp.o
 .group         0x0000000000000000        0xc ./src/Network/arp.o
 .group         0x0000000000000000        0xc ./src/Network/arp.o
 .group         0x0000000000000000        0xc ./src/Network/arp.o
 .group         0x0000000000000000        0xc ./src/Network/arp.o
 .group         0x0000000000000000        0xc ./src/Network/arp.o
 .group         0x0000000000000000        0xc ./src/Network/arp.o
 .group         0x0000000000000000        0xc ./src/Network/arp.o
 .group         0x0000000000000000        0xc ./src/Network/arp.o
 .group         0x0000000000000000        0xc ./src/Network/arp.o
 .group         0x0000000000000000        0xc ./src/Network/arp.o
 .group         0x0000000000000000        0xc ./src/Network/arp.o
 .group         0x0000000000000000        0xc ./src/Network/arp.o
 .group         0x0000000000000000        0xc ./src/Network/arp.o
 .group         0x0000000000000000        0xc ./src/Network/arp.o
 .group         0x0000000000000000        0xc ./src/Network/arp.o
 .group         0x0000000000000000        0xc ./src/Network/arp.o
 .group         0x0000000000000000        0xc ./src/Network/arp.o
 .group         0x0000000000000000        0xc ./src/Network/arp.o
 .group         0x0000000000000000        0xc ./src/Network/arp.o
 .group         0x0000000000000000        0xc ./src/Network/arp.o
 .group         0x0000000000000000        0xc ./src/Network/arp.o
 .group         0x0000000000000000        0xc ./src/Network/arp.o
 .group         0x0000000000000000        0xc ./src/Network/arp.o
 .group         0x0000000000000000        0xc ./src/Network/arp.o
 .group         0x0000000000000000        0xc ./src/Network/arp.o
 .group         0x0000000000000000        0xc ./src/Network/arp.o
 .group         0x0000000000000000        0xc ./src/Network/arp.o
 .group         0x0000000000000000        0xc ./src/Network/arp.o
 .text          0x0000000000000000        0x0 ./src/Network/arp.o
 .data          0x0000000000000000        0x0 ./src/Network/arp.o
 .text.arp_send_request
                0x0000000000000000       0x84 ./src/Network/arp.o
 .text.ArpWhoIs
                0x0000000000000000      0x256 ./src/Network/arp.o
 .group         0x0000000000000000        0xc ./src/Network/enc28j60.o
 .group         0x0000000000000000        0xc ./src/Network/enc28j60.o
 .group         0x0000000000000000        0xc ./src/Network/enc28j60.o
 .group         0x0000000000000000        0xc ./src/Network/enc28j60.o
 .group         0x0000000000000000        0xc ./src/Network/enc28j60.o
[...]
Memory Configuration

Name             Origin             Length             Attributes
rom              0x0000000080000000 0x0000000000800000 xr
ram              0x0000000002000000 0x0000000000004000 xrw
*default*        0x0000000000000000 0xffffffffffffffff

Linker script and memory map

LOAD ./src/Network/arp.o
LOAD ./src/Network/enc28j60.o
LOAD ./src/Network/ethernet.o
LOAD ./src/Network/icmp.o
LOAD ./src/Network/ip.o
LOAD ./src/Network/network.o
LOAD ./src/Network/tcp.o
LOAD ./src/Network/udp.o
LOAD ./src/Network/util.o
LOAD ./src/main.o
LOAD ./src/uart_lib.o
LOAD ./src/xprintf.o
LOAD ./runtime/crt0.o
LOAD ./HAL/peripherals/Source/mik32_hal.o
LOAD ./HAL/peripherals/Source/mik32_hal_adc.o
LOAD ./HAL/peripherals/Source/mik32_hal_crc32.o
LOAD ./HAL/peripherals/Source/mik32_hal_crypto.o
LOAD ./HAL/peripherals/Source/mik32_hal_dac.o
LOAD ./HAL/peripherals/Source/mik32_hal_dma.o
LOAD ./HAL/peripherals/Source/mik32_hal_gpio.o
LOAD ./HAL/peripherals/Source/mik32_hal_i2c.o
LOAD ./HAL/peripherals/Source/mik32_hal_irq.o
LOAD ./HAL/peripherals/Source/mik32_hal_otp.o
LOAD ./HAL/peripherals/Source/mik32_hal_pcc.o
LOAD ./HAL/peripherals/Source/mik32_hal_rtc.o
LOAD ./HAL/peripherals/Source/mik32_hal_spi.o
LOAD ./HAL/peripherals/Source/mik32_hal_spifi.o
LOAD ./HAL/peripherals/Source/mik32_hal_timer16.o
LOAD ./HAL/peripherals/Source/mik32_hal_timer32.o
LOAD ./HAL/core/Source/mik32_hal_scr1_timer.o
LOAD c:/mikronide/riscv-gcc/bin/../lib/gcc/riscv64-unknown-elf/12.2.1/../../../../riscv64-unknown-elf/lib/rv32imc/ilp32\libc.a
LOAD c:/mikronide/riscv-gcc/bin/../lib/gcc/riscv64-unknown-elf/12.2.1/rv32imc/ilp32\libgcc.a
                0x0000000000000400                STACK_SIZE = 0x400
                0x0000000000000010                CL_SIZE = 0x10

.text           0x0000000080000000     0x27f0
                0x0000000080000000                PROVIDE (__TEXT_START__ = .)
 *crt0.o(.text .text.*)
 .text          0x0000000080000000       0x76 ./runtime/crt0.o
                0x0000000080000000                _start
                0x0000000080000074                SystemInit
                0x0000000080000074                SmallSystemInit
 *(.text.smallsysteminit)
 *(.text.SmallSystemInit)
                0x00000000800000c0                . = (ORIGIN (rom) + 0xc0)
 *fill*         0x0000000080000076       0x4a 
 *crt0.o(.trap_text)
 .trap_text     0x00000000800000c0       0x94 ./runtime/crt0.o
                0x00000000800000c0                trap_entry
                0x00000000800000c4                raw_trap_handler
 *(.text)
 *(.text.*)
 .text.arp_generate_packet
                0x0000000080000154       0xd2 ./src/Network/arp.o
 .text.ArpInit  0x0000000080000226       0x2e ./src/Network/arp.o
                0x0000000080000226                ArpInit
 .text.ArpPacketIsArp
                0x0000000080000254       0x5c ./src/Network/arp.o
                0x0000000080000254                ArpPacketIsArp
 .text.ArpSendReply
                0x00000000800002b0       0x3c ./src/Network/arp.o
                0x00000000800002b0                ArpSendReply
 .text.enc28j60_SPI_ReadWrite
                0x00000000800002ec       0x46 ./src/Network/enc28j60.o
                0x00000000800002ec                enc28j60_SPI_ReadWrite
 .text.snc28j60_SPI_SendByte
                0x0000000080000332        0xc ./src/Network/enc28j60.o
                0x0000000080000332                snc28j60_SPI_SendByte
 .text.enc28j60WriteOp
                0x000000008000033e       0x42 ./src/Network/enc28j60.o
                0x000000008000033e                enc28j60WriteOp
 .text.enc28j60SetBank
                0x0000000080000380       0x46 ./src/Network/enc28j60.o
                0x0000000080000380                enc28j60SetBank
 .text.enc28j60_writeRegByte
                0x00000000800003c6       0x22 ./src/Network/enc28j60.o
 .text.enc28j60_writeReg
                0x00000000800003e8       0x2a ./src/Network/enc28j60.o
 .text.enc28j60_writeBuf
                0x0000000080000412       0x56 ./src/Network/enc28j60.o
 .text.enc28j60_readBuf
                0x0000000080000468       0x58 ./src/Network/enc28j60.o
 .text.snc28j60_SPI_ReceiveByte
                0x00000000800004c0       0x10 ./src/Network/enc28j60.o
                0x00000000800004c0                snc28j60_SPI_ReceiveByte
 .text.enc28j60ReadOp
                0x00000000800004d0       0x56 ./src/Network/enc28j60.o
                0x00000000800004d0                enc28j60ReadOp
 .text.enc28j60_readRegByte
                0x0000000080000526       0x18 ./src/Network/enc28j60.o
 .text.enc28j60Read
                0x000000008000053e       0x18 ./src/Network/enc28j60.o
                0x000000008000053e                enc28j60Read
 .text.enc28j60Write
                0x0000000080000556       0x22 ./src/Network/enc28j60.o
                0x0000000080000556                enc28j60Write
 .text.enc28j60PhyWrite
                0x0000000080000578       0x36 ./src/Network/enc28j60.o
                0x0000000080000578                enc28j60PhyWrite
 .text.enc28j60_init
                0x00000000800005ae      0x138 ./src/Network/enc28j60.o
                0x00000000800005ae                enc28j60_init
 .text.enc28j60_packet_send
                0x00000000800006e6       0x86 ./src/Network/enc28j60.o
                0x00000000800006e6                enc28j60_packet_send
 .text.enc28j60_packet_receive
                0x000000008000076c       0xa2 ./src/Network/enc28j60.o
                0x000000008000076c                enc28j60_packet_receive
 .text.eth_generate_header
                0x000000008000080e       0x76 ./src/Network/ethernet.o
                0x000000008000080e                eth_generate_header
 .text.software_checksum
                0x0000000080000884       0x44 ./src/Network/ethernet.o
                0x0000000080000884                software_checksum
 .text.EthCheckType
                0x00000000800008c8       0x24 ./src/Network/ethernet.o
                0x00000000800008c8                EthCheckType
 .text.EthWaitPacket
                0x00000000800008ec       0x86 ./src/Network/ethernet.o
                0x00000000800008ec                EthWaitPacket
 .text.IcmpGeneratePacket
                0x0000000080000972       0x38 ./src/Network/icmp.o
 .text.icmp_send_reply
                0x00000000800009aa       0x6c ./src/Network/icmp.o
                0x00000000800009aa                icmp_send_reply
 .text.IcmpSendUnreachable
                0x0000000080000a16       0x6c ./src/Network/icmp.o
                0x0000000080000a16                IcmpSendUnreachable
 .text.ip_generate_header
                0x0000000080000a82       0xbc ./src/Network/ip.o
                0x0000000080000a82                ip_generate_header
 .text.ip_packet_is_ip
                0x0000000080000b3e       0x3e ./src/Network/ip.o
                0x0000000080000b3e                ip_packet_is_ip
 .text.NetInit  0x0000000080000b7c       0x14 ./src/Network/network.o
                0x0000000080000b7c                NetInit
 .text.NetGetBuffer
                0x0000000080000b90        0xa ./src/Network/network.o
                0x0000000080000b90                NetGetBuffer
 .text.NetHandleIncomingPacket
                0x0000000080000b9a       0xda ./src/Network/network.o
                0x0000000080000b9a                NetHandleIncomingPacket
 .text.NetHandleNetwork
                0x0000000080000c74       0x1e ./src/Network/network.o
                0x0000000080000c74                NetHandleNetwork
 .text.TcpGetOptionPosition
                0x0000000080000c92       0x4c ./src/Network/tcp.o
 .text.TcpGetEmptyConenctionId
                0x0000000080000cde       0x30 ./src/Network/tcp.o
 .text.TcpIsConnection
                0x0000000080000d0e       0x62 ./src/Network/tcp.o
 .text.TcpGetConnectionId
                0x0000000080000d70      0x18e ./src/Network/tcp.o
 .text.TcpInit  0x0000000080000efe       0x2a ./src/Network/tcp.o
                0x0000000080000efe                TcpInit
 .text.TcpGetDataLength
                0x0000000080000f28       0x28 ./src/Network/tcp.o
                0x0000000080000f28                TcpGetDataLength
 .text.TcpChecksum
                0x0000000080000f50       0x3a ./src/Network/tcp.o
 .text.TcpSendPacket
                0x0000000080000f8a      0x11c ./src/Network/tcp.o
 .text.TcpSendAck
                0x00000000800010a6       0x2c ./src/Network/tcp.o
 .text.TcpVerifyChecksum
                0x00000000800010d2       0x3c ./src/Network/tcp.o
 .text.TcpGetConnection
                0x000000008000110e       0x28 ./src/Network/tcp.o
                0x000000008000110e                TcpGetConnection
 .text.TcpOnNewConnection
                0x0000000080001136       0x1e ./src/Network/tcp.o
                0x0000000080001136                TcpOnNewConnection
 .text.TcpOnConnect
                0x0000000080001154       0x16 ./src/Network/tcp.o
                0x0000000080001154                TcpOnConnect
 .text.TcpOnIncomingData
                0x000000008000116a       0x32 ./src/Network/tcp.o
                0x000000008000116a                TcpOnIncomingData
 .text.TcpHandleIncomingPacket
                0x000000008000119c      0x248 ./src/Network/tcp.o
                0x000000008000119c                TcpHandleIncomingPacket
 .text.TcpWaitPacket
                0x00000000800013e4      0x140 ./src/Network/tcp.o
 .text.TcpSendData
                0x0000000080001524       0xf4 ./src/Network/tcp.o
                0x0000000080001524                TcpSendData
 .text.TcpClose
                0x0000000080001618       0x6c ./src/Network/tcp.o
 .text.UdpOnIncomingDatagram
                0x0000000080001684       0x2e ./src/Network/udp.o
                0x0000000080001684                UdpOnIncomingDatagram
 .text.UdpHandleIncomingPacket
                0x00000000800016b2       0xd0 ./src/Network/udp.o
                0x00000000800016b2                UdpHandleIncomingPacket
 .text.trap_handler
                0x0000000080001782       0x56 ./src/main.o
                0x0000000080001782                trap_handler
 .text.SystemClock_Config
                0x00000000800017d8       0x3c ./src/main.o
                0x00000000800017d8                SystemClock_Config
 .text.enableInterrupts
                0x0000000080001814       0x10 ./src/main.o
                0x0000000080001814                enableInterrupts
 .text.disableInterrupts
                0x0000000080001824        0xc ./src/main.o
                0x0000000080001824                disableInterrupts
 .text.initTimerInterrupts
                0x0000000080001830       0x60 ./src/main.o
                0x0000000080001830                initTimerInterrupts
 .text.SPI1_Init
                0x0000000080001890       0x56 ./src/main.o
                0x0000000080001890                SPI1_Init
 .text.main     0x00000000800018e6       0xac ./src/main.o
                0x00000000800018e6                main
 .text.xputc    0x0000000080001992       0x20 ./src/main.o
                0x0000000080001992                xputc
 .text.HAL_UART_MspInit
                0x00000000800019b2       0x72 ./src/uart_lib.o
                0x00000000800019b2                HAL_UART_MspInit
 .text.UART_Init
                0x0000000080001a24       0x84 ./src/uart_lib.o
                0x0000000080001a24                UART_Init
 .text.UART_IsTransmissionFinished
                0x0000000080001aa8       0x10 ./src/uart_lib.o
                0x0000000080001aa8                UART_IsTransmissionFinished
 .text.UART_WaitTransmission
                0x0000000080001ab8       0x16 ./src/uart_lib.o
                0x0000000080001ab8                UART_WaitTransmission
 .text.UART_WriteByte
                0x0000000080001ace        0x4 ./src/uart_lib.o
                0x0000000080001ace                UART_WriteByte
 .text.xputs    0x0000000080001ad2       0x1c ./src/xprintf.o
                0x0000000080001ad2                xputs
 .text.xvprintf
                0x0000000080001aee      0x27c ./src/xprintf.o
 .text.xprintf  0x0000000080001d6a       0x1e ./src/xprintf.o
                0x0000000080001d6a                xprintf
 .text.HAL_GPIO_Init
                0x0000000080001d88       0xe4 ./HAL/peripherals/Source/mik32_hal_gpio.o
                0x0000000080001d88                HAL_GPIO_Init
 .text.HAL_PCC_FreqMonRefSet
                0x0000000080001e6c       0x7c ./HAL/peripherals/Source/mik32_hal_pcc.o
                0x0000000080001e6c                HAL_PCC_FreqMonRefSet
 .text.HAL_PCC_SetOscSystem
                0x0000000080001ee8       0x82 ./HAL/peripherals/Source/mik32_hal_pcc.o
                0x0000000080001ee8                HAL_PCC_SetOscSystem
 .text.HAL_PCC_RTCClock
                0x0000000080001f6a       0x80 ./HAL/peripherals/Source/mik32_hal_pcc.o
                0x0000000080001f6a                HAL_PCC_RTCClock
 .text.HAL_PCC_CPURTCClock
                0x0000000080001fea       0x52 ./HAL/peripherals/Source/mik32_hal_pcc.o
                0x0000000080001fea                HAL_PCC_CPURTCClock
 .text.HAL_PCC_DividerAHB
                0x000000008000203c        0x8 ./HAL/peripherals/Source/mik32_hal_pcc.o
                0x000000008000203c                HAL_PCC_DividerAHB
 .text.HAL_PCC_DividerAPB_M
                0x0000000080002044        0x8 ./HAL/peripherals/Source/mik32_hal_pcc.o
                0x0000000080002044                HAL_PCC_DividerAPB_M
 .text.HAL_PCC_DividerAPB_P
                0x000000008000204c        0x8 ./HAL/peripherals/Source/mik32_hal_pcc.o
                0x000000008000204c                HAL_PCC_DividerAPB_P
 .text.HAL_PCC_Config
                0x0000000080002054       0xc6 ./HAL/peripherals/Source/mik32_hal_pcc.o
                0x0000000080002054                HAL_PCC_Config
 .text.HAL_SPI_MspInit
                0x000000008000211a      0x178 ./HAL/peripherals/Source/mik32_hal_spi.o
                0x000000008000211a                HAL_SPI_MspInit
 .text.HAL_SPI_SetDelayBTWN
                0x0000000080002292       0x1a ./HAL/peripherals/Source/mik32_hal_spi.o
                0x0000000080002292                HAL_SPI_SetDelayBTWN
 .text.HAL_SPI_SetDelayAFTER
                0x00000000800022ac       0x1a ./HAL/peripherals/Source/mik32_hal_spi.o
                0x00000000800022ac                HAL_SPI_SetDelayAFTER
 .text.HAL_SPI_SetDelayINIT
                0x00000000800022c6       0x14 ./HAL/peripherals/Source/mik32_hal_spi.o
                0x00000000800022c6                HAL_SPI_SetDelayINIT
 .text.HAL_SPI_SetThresholdTX
                0x00000000800022da        0xa ./HAL/peripherals/Source/mik32_hal_spi.o
                0x00000000800022da                HAL_SPI_SetThresholdTX
 .text.HAL_SPI_ClearTXFIFO
                0x00000000800022e4        0xc ./HAL/peripherals/Source/mik32_hal_spi.o
                0x00000000800022e4                HAL_SPI_ClearTXFIFO
 .text.HAL_SPI_ClearRXFIFO
                0x00000000800022f0        0xc ./HAL/peripherals/Source/mik32_hal_spi.o
                0x00000000800022f0                HAL_SPI_ClearRXFIFO
 .text.HAL_SPI_ClearError
                0x00000000800022fc       0x2a ./HAL/peripherals/Source/mik32_hal_spi.o
                0x00000000800022fc                HAL_SPI_ClearError
 .text.HAL_SPI_Disable
                0x0000000080002326       0x14 ./HAL/peripherals/Source/mik32_hal_spi.o
                0x0000000080002326                HAL_SPI_Disable
 .text.HAL_SPI_Init
                0x000000008000233a       0xac ./HAL/peripherals/Source/mik32_hal_spi.o
                0x000000008000233a                HAL_SPI_Init
 .text.HAL_SPI_CS_Enable
                0x00000000800023e6       0x18 ./HAL/peripherals/Source/mik32_hal_spi.o
                0x00000000800023e6                HAL_SPI_CS_Enable
 .text.HAL_SPI_CS_Disable
                0x00000000800023fe       0x16 ./HAL/peripherals/Source/mik32_hal_spi.o
                0x00000000800023fe                HAL_SPI_CS_Disable
 .text.HAL_SPI_Exchange
                0x0000000080002414       0xb0 ./HAL/peripherals/Source/mik32_hal_spi.o
                0x0000000080002414                HAL_SPI_Exchange
 .text.memcmp   0x00000000800024c4       0x52 c:/mikronide/riscv-gcc/bin/../lib/gcc/riscv64-unknown-elf/12.2.1/../../../../riscv64-unknown-elf/lib/rv32imc/ilp32\libc.a(lib_a-memcmp.o)
                0x00000000800024c4                memcmp
 .text.memcpy   0x0000000080002516      0x146 c:/mikronide/riscv-gcc/bin/../lib/gcc/riscv64-unknown-elf/12.2.1/../../../../riscv64-unknown-elf/lib/rv32imc/ilp32\libc.a(lib_a-memcpy.o)
                0x0000000080002516                memcpy
 *(.rodata)
 *fill*         0x000000008000265c        0x0 
 .rodata        0x000000008000265c       0x5c ./src/xprintf.o
 *(.rodata.*)
 .rodata.str1.4
                0x00000000800026b8        0x5 ./src/Network/arp.o
 *fill*         0x00000000800026bd        0x3 
 .rodata.str1.4
                0x00000000800026c0       0x31 ./src/Network/enc28j60.o
 *fill*         0x00000000800026f1        0x3 
 .rodata.str1.4
                0x00000000800026f4       0x2e ./src/Network/network.o
 *fill*         0x0000000080002722        0x2 
 .rodata.str1.4
                0x0000000080002724       0x1d ./src/Network/tcp.o
 *fill*         0x0000000080002741        0x3 
 .rodata.str1.4
                0x0000000080002744       0x19 ./src/Network/udp.o
 *fill*         0x000000008000275d        0x3 
 .rodata.str1.4
                0x0000000080002760       0x85 ./src/main.o
                0x00000000800027f0                . = ALIGN (CL_SIZE)
 *fill*         0x00000000800027e5        0xb 
                0x00000000800027f0                PROVIDE (__TEXT_END__ = .)

.rela.dyn       0x00000000800027f0        0x0
 .rela.text.main
                0x00000000800027f0        0x0 ./src/Network/arp.o
 .rela.text     0x00000000800027f0        0x0 ./src/Network/arp.o
 .rela.trap_text
                0x00000000800027f0        0x0 ./src/Network/arp.o

.data           0x0000000002000000       0x10 load address 0x00000000800027f0
                0x0000000002000000                PROVIDE (__DATA_START__ = .)
                0x0000000002000000                _gp = .
 *(.srodata.cst16)
 *(.srodata.cst8)
 *(.srodata.cst4)
 *(.srodata.cst2)
 *(.srodata*)
 .srodata       0x0000000002000000        0x4 ./src/Network/arp.o
                0x0000000002000000                avrIp
 .srodata       0x0000000002000004        0x6 ./src/Network/network.o
                0x0000000002000004                macaddr
 *(.sdata .sdata.* .gnu.linkonce.s.*)
 .sdata         0x000000000200000a        0x2 ./src/Network/ip.o
 *(.data .data.*)
                0x0000000002000010                . = ALIGN (CL_SIZE)
 *fill*         0x000000000200000c        0x4 
                0x00000000800027f0                __DATA_IMAGE_START__ = LOADADDR (.data)
                0x0000000080002800                __DATA_IMAGE_END__ = (LOADADDR (.data) + SIZEOF (.data))
                0x0000000000000001                ASSERT ((__DATA_IMAGE_END__ < (ORIGIN (rom) + LENGTH (rom))), Data image overflows rom section)

.tdata          0x0000000002000010        0x0
                [!provide]                        PROVIDE (_tls_data = .)
                [!provide]                        PROVIDE (_tdata_begin = .)
 *(.tdata .tdata.*)
                [!provide]                        PROVIDE (_tdata_end = .)
                0x0000000002000010                . = ALIGN (CL_SIZE)

.tbss           0x0000000002000010        0x0
                0x0000000002000010                PROVIDE (__BSS_START__ = .)
 *(.tbss .tbss.*)
                0x0000000002000010                . = ALIGN (CL_SIZE)
                [!provide]                        PROVIDE (_tbss_end = .)

.sbss           0x0000000002000010        0x5 load address 0x0000000080002800
 *(.sbss .sbss.* .gnu.linkonce.sb.*)
 .sbss          0x0000000002000010        0x5 ./src/Network/enc28j60.o
 *(.scommon)

.bss            0x0000000002000018      0x228 load address 0x0000000080002808
 *(.bss .bss.*)
 .bss           0x0000000002000018       0x37 ./src/Network/arp.o
 *fill*         0x000000000200004f        0x1 
 .bss           0x0000000002000050      0x190 ./src/Network/network.o
 .bss           0x00000000020001e0       0x38 ./src/Network/tcp.o
 .bss           0x0000000002000218       0x28 ./src/main.o
                0x0000000002000218                hspi1
                0x0000000002000240                . = ALIGN (CL_SIZE)
                0x0000000002000240                PROVIDE (__BSS_END__ = .)
                0x0000000002000240                _end = .
                [!provide]                        PROVIDE (__end = .)

.stack          0x0000000002003c00      0x400 load address 0x00000000800063f0
 FILL mask 0x00000000
                [!provide]                        PROVIDE (__STACK_START__ = .)
                0x0000000002004000                . = (. + STACK_SIZE)
 *fill*         0x0000000002003c00      0x400 00000000
                0x0000000002004000                PROVIDE (__C_STACK_TOP__ = .)
                [!provide]                        PROVIDE (__STACK_END__ = .)

/DISCARD/
 *(.eh_frame .eh_frame.*)
OUTPUT(SNC28J60_ethernetUIP.elf elf32-littleriscv)

.debug_info     0x0000000000000000     0x84ba
 .debug_info    0x0000000000000000      0x533 ./src/Network/arp.o
 .debug_info    0x0000000000000533     0x1121 ./src/Network/enc28j60.o
 .debug_info    0x0000000000001654      0x3be ./src/Network/ethernet.o
 .debug_info    0x0000000000001a12      0x403 ./src/Network/icmp.o
 .debug_info    0x0000000000001e15      0x2e2 ./src/Network/ip.o
 .debug_info    0x00000000000020f7      0x47f ./src/Network/network.o
 .debug_info    0x0000000000002576     0x1584 ./src/Network/tcp.o
 .debug_info    0x0000000000003afa      0x950 ./src/Network/udp.o
 .debug_info    0x000000000000444a      0xed1 ./src/main.o
 .debug_info    0x000000000000531b      0x96a ./src/uart_lib.o
 .debug_info    0x0000000000005c85      0x6eb ./src/xprintf.o
 .debug_info    0x0000000000006370       0x23 ./runtime/crt0.o
 .debug_info    0x0000000000006393      0xbbd ./HAL/peripherals/Source/mik32_hal_gpio.o
 .debug_info    0x0000000000006f50      0x816 ./HAL/peripherals/Source/mik32_hal_pcc.o
 .debug_info    0x0000000000007766      0xd54 ./HAL/peripherals/Source/mik32_hal_spi.o

.debug_abbrev   0x0000000000000000     0x20fa
 .debug_abbrev  0x0000000000000000      0x1dd ./src/Network/arp.o
 .debug_abbrev  0x00000000000001dd      0x33c ./src/Network/enc28j60.o
 .debug_abbrev  0x0000000000000519      0x1fc ./src/Network/ethernet.o
 .debug_abbrev  0x0000000000000715      0x185 ./src/Network/icmp.o
 .debug_abbrev  0x000000000000089a      0x191 ./src/Network/ip.o
 .debug_abbrev  0x0000000000000a2b      0x214 ./src/Network/network.o
 .debug_abbrev  0x0000000000000c3f      0x445 ./src/Network/tcp.o
 .debug_abbrev  0x0000000000001084      0x280 ./src/Network/udp.o
 .debug_abbrev  0x0000000000001304      0x2ca ./src/main.o
 .debug_abbrev  0x00000000000015ce      0x1e7 ./src/uart_lib.o
 .debug_abbrev  0x00000000000017b5      0x260 ./src/xprintf.o
 .debug_abbrev  0x0000000000001a15       0x12 ./runtime/crt0.o
 .debug_abbrev  0x0000000000001a27      0x1f5 ./HAL/peripherals/Source/mik32_hal_gpio.o
 .debug_abbrev  0x0000000000001c1c      0x203 ./HAL/peripherals/Source/mik32_hal_pcc.o
 .debug_abbrev  0x0000000000001e1f      0x2db ./HAL/peripherals/Source/mik32_hal_spi.o

.debug_loclists
                0x0000000000000000     0x3a3a
 .debug_loclists
                0x0000000000000000      0x321 ./src/Network/arp.o
 .debug_loclists
                0x0000000000000321      0x47b ./src/Network/enc28j60.o
 .debug_loclists
                0x000000000000079c      0x1e8 ./src/Network/ethernet.o
 .debug_loclists
                0x0000000000000984      0x215 ./src/Network/icmp.o
 .debug_loclists
                0x0000000000000b99      0x116 ./src/Network/ip.o
 .debug_loclists
                0x0000000000000caf       0x3d ./src/Network/network.o
 .debug_loclists
                0x0000000000000cec      0xe47 ./src/Network/tcp.o
 .debug_loclists
                0x0000000000001b33      0x506 ./src/Network/udp.o
 .debug_loclists
                0x0000000000002039      0x138 ./src/main.o
 .debug_loclists
                0x0000000000002171      0x39b ./src/uart_lib.o
 .debug_loclists
                0x000000000000250c      0x940 ./src/xprintf.o
 .debug_loclists
                0x0000000000002e4c      0x2cc ./HAL/peripherals/Source/mik32_hal_gpio.o
 .debug_loclists
                0x0000000000003118      0x4f1 ./HAL/peripherals/Source/mik32_hal_pcc.o
 .debug_loclists
                0x0000000000003609      0x431 ./HAL/peripherals/Source/mik32_hal_spi.o

.debug_aranges  0x0000000000000000      0x5f8
 .debug_aranges
                0x0000000000000000       0x48 ./src/Network/arp.o
 .debug_aranges
                0x0000000000000048       0xb8 ./src/Network/enc28j60.o
 .debug_aranges
                0x0000000000000100       0x38 ./src/Network/ethernet.o
 .debug_aranges
                0x0000000000000138       0x30 ./src/Network/icmp.o
 .debug_aranges
                0x0000000000000168       0x28 ./src/Network/ip.o
 .debug_aranges
                0x0000000000000190       0x38 ./src/Network/network.o
 .debug_aranges
                0x00000000000001c8       0xc8 ./src/Network/tcp.o
 .debug_aranges
                0x0000000000000290       0x50 ./src/Network/udp.o
 .debug_aranges
                0x00000000000002e0       0x68 ./src/main.o
 .debug_aranges
                0x0000000000000348       0x88 ./src/uart_lib.o
 .debug_aranges
                0x00000000000003d0       0x70 ./src/xprintf.o
 .debug_aranges
                0x0000000000000440       0x28 ./runtime/crt0.o
 .debug_aranges
                0x0000000000000468       0x60 ./HAL/peripherals/Source/mik32_hal_gpio.o
 .debug_aranges
                0x00000000000004c8       0x88 ./HAL/peripherals/Source/mik32_hal_pcc.o
 .debug_aranges
                0x0000000000000550       0xa8 ./HAL/peripherals/Source/mik32_hal_spi.o

.debug_rnglists
                0x0000000000000000      0x648
 .debug_rnglists
                0x0000000000000000       0x43 ./src/Network/arp.o
 .debug_rnglists
                0x0000000000000043       0xc1 ./src/Network/enc28j60.o
 .debug_rnglists
                0x0000000000000104       0x44 ./src/Network/ethernet.o
 .debug_rnglists
                0x0000000000000148       0x28 ./src/Network/icmp.o
 .debug_rnglists
                0x0000000000000170       0x1f ./src/Network/ip.o
 .debug_rnglists
                0x000000000000018f       0x4d ./src/Network/network.o
 .debug_rnglists
                0x00000000000001dc      0x10c ./src/Network/tcp.o
 .debug_rnglists
                0x00000000000002e8       0x4c ./src/Network/udp.o
 .debug_rnglists
                0x0000000000000334       0x67 ./src/main.o
 .debug_rnglists
                0x000000000000039b       0x8b ./src/uart_lib.o
 .debug_rnglists
                0x0000000000000426       0x70 ./src/xprintf.o
 .debug_rnglists
                0x0000000000000496       0x1a ./runtime/crt0.o
 .debug_rnglists
                0x00000000000004b0       0x5e ./HAL/peripherals/Source/mik32_hal_gpio.o
 .debug_rnglists
                0x000000000000050e       0x8b ./HAL/peripherals/Source/mik32_hal_pcc.o
 .debug_rnglists
                0x0000000000000599       0xaf ./HAL/peripherals/Source/mik32_hal_spi.o

.debug_macro    0x0000000000000000     0x6a17
 .debug_macro   0x0000000000000000      0x1fc ./src/Network/arp.o
 .debug_macro   0x00000000000001fc      0x75a ./src/Network/arp.o
 .debug_macro   0x0000000000000956       0x46 ./src/Network/arp.o
 .debug_macro   0x000000000000099c       0x88 ./src/Network/arp.o
 .debug_macro   0x0000000000000a24       0xb2 ./src/Network/arp.o
 .debug_macro   0x0000000000000ad6      0x189 ./src/Network/arp.o
 .debug_macro   0x0000000000000c5f      0x17e ./src/Network/arp.o
 .debug_macro   0x0000000000000ddd       0x22 ./src/Network/arp.o
 .debug_macro   0x0000000000000dff       0x52 ./src/Network/arp.o
 .debug_macro   0x0000000000000e51       0x19 ./src/Network/arp.o
 .debug_macro   0x0000000000000e6a       0x94 ./src/Network/arp.o
 .debug_macro   0x0000000000000efe       0x34 ./src/Network/arp.o
 .debug_macro   0x0000000000000f32      0x103 ./src/Network/arp.o
 .debug_macro   0x0000000000001035       0x3a ./src/Network/arp.o
 .debug_macro   0x000000000000106f       0x57 ./src/Network/arp.o
 .debug_macro   0x00000000000010c6       0x6a ./src/Network/arp.o
 .debug_macro   0x0000000000001130      0x1df ./src/Network/arp.o
 .debug_macro   0x000000000000130f       0x35 ./src/Network/arp.o
 .debug_macro   0x0000000000001344      0x4cc ./src/Network/arp.o
 .debug_macro   0x0000000000001810      0x1c0 ./src/Network/arp.o
 .debug_macro   0x00000000000019d0       0x16 ./src/Network/arp.o
 .debug_macro   0x00000000000019e6      0x505 ./src/Network/arp.o
 .debug_macro   0x0000000000001eeb      0x300 ./src/Network/arp.o
 .debug_macro   0x00000000000021eb       0x16 ./src/Network/arp.o
 .debug_macro   0x0000000000002201       0x34 ./src/Network/arp.o
 .debug_macro   0x0000000000002235       0x1c ./src/Network/arp.o
 .debug_macro   0x0000000000002251       0x4c ./src/Network/arp.o
 .debug_macro   0x000000000000229d      0x1cc ./src/Network/arp.o
 .debug_macro   0x0000000000002469       0xf4 ./src/Network/arp.o
 .debug_macro   0x000000000000255d      0x580 ./src/Network/arp.o
 .debug_macro   0x0000000000002add       0x4c ./src/Network/arp.o
 .debug_macro   0x0000000000002b29       0x16 ./src/Network/arp.o
 .debug_macro   0x0000000000002b3f       0x43 ./src/Network/arp.o
 .debug_macro   0x0000000000002b82       0x34 ./src/Network/arp.o
 .debug_macro   0x0000000000002bb6       0x10 ./src/Network/arp.o
 .debug_macro   0x0000000000002bc6       0x52 ./src/Network/arp.o
 .debug_macro   0x0000000000002c18      0x182 ./src/Network/arp.o
 .debug_macro   0x0000000000002d9a      0x341 ./src/Network/arp.o
 .debug_macro   0x00000000000030db       0x10 ./src/Network/arp.o
 .debug_macro   0x00000000000030eb      0x14f ./src/Network/enc28j60.o
 .debug_macro   0x000000000000323a      0x1e4 ./src/Network/ethernet.o
 .debug_macro   0x000000000000341e       0x46 ./src/Network/ethernet.o
 .debug_macro   0x0000000000003464      0x1fc ./src/Network/icmp.o
 .debug_macro   0x0000000000003660       0x34 ./src/Network/icmp.o
 .debug_macro   0x0000000000003694       0x64 ./src/Network/icmp.o
 .debug_macro   0x00000000000036f8      0x131 ./src/Network/ip.o
 .debug_macro   0x0000000000003829      0x217 ./src/Network/network.o
 .debug_macro   0x0000000000003a40       0x8e ./src/Network/network.o
 .debug_macro   0x0000000000003ace       0x52 ./src/Network/network.o
 .debug_macro   0x0000000000003b20      0x106 ./src/Network/network.o
 .debug_macro   0x0000000000003c26      0x20e ./src/Network/tcp.o
 .debug_macro   0x0000000000003e34       0xb8 ./src/Network/tcp.o
 .debug_macro   0x0000000000003eec      0x20e ./src/Network/udp.o
 .debug_macro   0x00000000000040fa      0x296 ./src/main.o
 .debug_macro   0x0000000000004390     0x1886 ./src/main.o
 .debug_macro   0x0000000000005c16       0x76 ./src/main.o
 .debug_macro   0x0000000000005c8c       0xee ./src/main.o
 .debug_macro   0x0000000000005d7a       0x89 ./src/main.o
 .debug_macro   0x0000000000005e03       0xfa ./src/main.o
 .debug_macro   0x0000000000005efd      0x16c ./src/main.o
 .debug_macro   0x0000000000006069       0x22 ./src/main.o
 .debug_macro   0x000000000000608b       0x70 ./src/main.o
 .debug_macro   0x00000000000060fb       0x52 ./src/main.o
 .debug_macro   0x000000000000614d      0x2bc ./src/main.o
 .debug_macro   0x0000000000006409       0x4c ./src/main.o
 .debug_macro   0x0000000000006455      0x112 ./src/main.o
 .debug_macro   0x0000000000006567      0x128 ./src/uart_lib.o
 .debug_macro   0x000000000000668f       0x23 ./src/xprintf.o
 .debug_macro   0x00000000000066b2       0x58 ./src/xprintf.o
 .debug_macro   0x000000000000670a       0xeb ./HAL/peripherals/Source/mik32_hal_gpio.o
 .debug_macro   0x00000000000067f5       0xf5 ./HAL/peripherals/Source/mik32_hal_pcc.o
 .debug_macro   0x00000000000068ea      0x12d ./HAL/peripherals/Source/mik32_hal_spi.o

.debug_line     0x0000000000000000     0x7fab
 .debug_line    0x0000000000000000      0x67b ./src/Network/arp.o
 .debug_line    0x000000000000067b      0x950 ./src/Network/enc28j60.o
 .debug_line    0x0000000000000fcb      0x43e ./src/Network/ethernet.o
 .debug_line    0x0000000000001409      0x2a1 ./src/Network/icmp.o
 .debug_line    0x00000000000016aa      0x2ac ./src/Network/ip.o
 .debug_line    0x0000000000001956      0x2b8 ./src/Network/network.o
 .debug_line    0x0000000000001c0e     0x1c96 ./src/Network/tcp.o
 .debug_line    0x00000000000038a4      0x71b ./src/Network/udp.o
 .debug_line    0x0000000000003fbf      0x78a ./src/main.o
 .debug_line    0x0000000000004749      0x64a ./src/uart_lib.o
 .debug_line    0x0000000000004d93     0x1008 ./src/xprintf.o
 .debug_line    0x0000000000005d9b       0xe0 ./runtime/crt0.o
 .debug_line    0x0000000000005e7b      0x6f1 ./HAL/peripherals/Source/mik32_hal_gpio.o
 .debug_line    0x000000000000656c      0xc19 ./HAL/peripherals/Source/mik32_hal_pcc.o
 .debug_line    0x0000000000007185      0xe26 ./HAL/peripherals/Source/mik32_hal_spi.o

.debug_str      0x0000000000000000    0x19847
 .debug_str     0x0000000000000000     0xec3c ./src/Network/arp.o
                                       0xee3d (size before relaxing)
 .debug_str     0x000000000000ec3c      0x423 ./src/Network/enc28j60.o
                                       0xc8f6 (size before relaxing)
 .debug_str     0x000000000000f05f       0x58 ./src/Network/ethernet.o
                                       0xe933 (size before relaxing)
 .debug_str     0x000000000000f0b7      0x212 ./src/Network/icmp.o
                                       0xec71 (size before relaxing)
 .debug_str     0x000000000000f2c9       0x32 ./src/Network/ip.o
                                       0x5a5d (size before relaxing)
 .debug_str     0x000000000000f2fb      0x5a8 ./src/Network/network.o
                                       0xf474 (size before relaxing)
 .debug_str     0x000000000000f8a3      0x25d ./src/Network/tcp.o
                                       0xf674 (size before relaxing)
 .debug_str     0x000000000000fb00       0x8e ./src/Network/udp.o
                                       0xf134 (size before relaxing)
 .debug_str     0x000000000000fb8e     0x8229 ./src/main.o
                                      0x15d19 (size before relaxing)
 .debug_str     0x0000000000017db7      0x27a ./src/uart_lib.o
                                       0xb61d (size before relaxing)
 .debug_str     0x0000000000018031      0x197 ./src/xprintf.o
                                       0x28a8 (size before relaxing)
 .debug_str     0x00000000000181c8       0x54 ./runtime/crt0.o
 .debug_str     0x000000000001821c     0x1198 ./HAL/peripherals/Source/mik32_hal_gpio.o
                                       0x7f8a (size before relaxing)
 .debug_str     0x00000000000193b4      0x2c7 ./HAL/peripherals/Source/mik32_hal_pcc.o
                                       0xa47e (size before relaxing)
 .debug_str     0x000000000001967b      0x1cc ./HAL/peripherals/Source/mik32_hal_spi.o
                                       0xbac0 (size before relaxing)

.debug_line_str
                0x0000000000000000      0x5bb
 .debug_line_str
                0x0000000000000000      0x34f ./src/Network/arp.o
                                        0x3d4 (size before relaxing)
 .debug_line_str
                0x000000000000034f       0x1a ./src/Network/enc28j60.o
                                        0x388 (size before relaxing)
 .debug_line_str
                0x0000000000000369       0x1a ./src/Network/ethernet.o
                                        0x3d8 (size before relaxing)
 .debug_line_str
                0x0000000000000383       0x28 ./src/Network/icmp.o
                                        0x3e3 (size before relaxing)
 .debug_line_str
                0x00000000000003ab       0x14 ./src/Network/ip.o
                                        0x250 (size before relaxing)
 .debug_line_str
                0x00000000000003bf       0x25 ./src/Network/network.o
                                        0x3f3 (size before relaxing)
 .debug_line_str
                0x00000000000003e4       0x15 ./src/Network/tcp.o
                                        0x3ec (size before relaxing)
 .debug_line_str
                0x00000000000003f9       0x15 ./src/Network/udp.o
                                        0x3ec (size before relaxing)
 .debug_line_str
                0x000000000000040e       0xca ./src/main.o
                                        0x45f (size before relaxing)
 .debug_line_str
                0x00000000000004d8       0x12 ./src/uart_lib.o
                                        0x362 (size before relaxing)
 .debug_line_str
                0x00000000000004ea       0x1a ./src/xprintf.o
                                         0xed (size before relaxing)
 .debug_line_str
                0x0000000000000504       0x12 ./runtime/crt0.o
                                         0x4f (size before relaxing)
 .debug_line_str
                0x0000000000000516       0x45 ./HAL/peripherals/Source/mik32_hal_gpio.o
                                        0x355 (size before relaxing)
 .debug_line_str
                0x000000000000055b       0x36 ./HAL/peripherals/Source/mik32_hal_pcc.o
                                        0x357 (size before relaxing)
 .debug_line_str
                0x0000000000000591       0x2a ./HAL/peripherals/Source/mik32_hal_spi.o
                                        0x391 (size before relaxing)

.comment        0x0000000000000000       0x18
 .comment       0x0000000000000000       0x18 ./src/Network/arp.o
                                         0x19 (size before relaxing)
 .comment       0x0000000000000018       0x19 ./src/Network/enc28j60.o
 .comment       0x0000000000000018       0x19 ./src/Network/ethernet.o
 .comment       0x0000000000000018       0x19 ./src/Network/icmp.o
 .comment       0x0000000000000018       0x19 ./src/Network/ip.o
 .comment       0x0000000000000018       0x19 ./src/Network/network.o
 .comment       0x0000000000000018       0x19 ./src/Network/tcp.o
 .comment       0x0000000000000018       0x19 ./src/Network/udp.o
 .comment       0x0000000000000018       0x19 ./src/main.o
 .comment       0x0000000000000018       0x19 ./src/uart_lib.o
 .comment       0x0000000000000018       0x19 ./src/xprintf.o
 .comment       0x0000000000000018       0x19 ./HAL/peripherals/Source/mik32_hal_gpio.o
 .comment       0x0000000000000018       0x19 ./HAL/peripherals/Source/mik32_hal_pcc.o
 .comment       0x0000000000000018       0x19 ./HAL/peripherals/Source/mik32_hal_spi.o
 .comment       0x0000000000000018       0x19 c:/mikronide/riscv-gcc/bin/../lib/gcc/riscv64-unknown-elf/12.2.1/../../../../riscv64-unknown-elf/lib/rv32imc/ilp32\libc.a(lib_a-memcmp.o)
 .comment       0x0000000000000018       0x19 c:/mikronide/riscv-gcc/bin/../lib/gcc/riscv64-unknown-elf/12.2.1/../../../../riscv64-unknown-elf/lib/rv32imc/ilp32\libc.a(lib_a-memcpy.o)

.riscv.attributes
                0x0000000000000000       0x3f
 .riscv.attributes
                0x0000000000000000       0x3b ./src/Network/arp.o
 .riscv.attributes
                0x000000000000003b       0x3b ./src/Network/enc28j60.o
 .riscv.attributes
                0x0000000000000076       0x3b ./src/Network/ethernet.o
 .riscv.attributes
                0x00000000000000b1       0x3b ./src/Network/icmp.o
 .riscv.attributes
                0x00000000000000ec       0x3b ./src/Network/ip.o
 .riscv.attributes
                0x0000000000000127       0x3b ./src/Network/network.o
 .riscv.attributes
                0x0000000000000162       0x3b ./src/Network/tcp.o
 .riscv.attributes
                0x000000000000019d       0x3b ./src/Network/udp.o
 .riscv.attributes
                0x00000000000001d8       0x3f ./src/main.o
 .riscv.attributes
                0x0000000000000217       0x3b ./src/uart_lib.o
 .riscv.attributes
                0x0000000000000252       0x3b ./src/xprintf.o
 .riscv.attributes
                0x000000000000028d       0x3d ./runtime/crt0.o
 .riscv.attributes
                0x00000000000002ca       0x3b ./HAL/peripherals/Source/mik32_hal_gpio.o
 .riscv.attributes
                0x0000000000000305       0x3b ./HAL/peripherals/Source/mik32_hal_pcc.o
 .riscv.attributes
                0x0000000000000340       0x3b ./HAL/peripherals/Source/mik32_hal_spi.o
 .riscv.attributes
                0x000000000000037b       0x26 c:/mikronide/riscv-gcc/bin/../lib/gcc/riscv64-unknown-elf/12.2.1/../../../../riscv64-unknown-elf/lib/rv32imc/ilp32\libc.a(lib_a-memcmp.o)
 .riscv.attributes
                0x00000000000003a1       0x26 c:/mikronide/riscv-gcc/bin/../lib/gcc/riscv64-unknown-elf/12.2.1/../../../../riscv64-unknown-elf/lib/rv32imc/ilp32\libc.a(lib_a-memcpy.o)

.debug_frame    0x0000000000000000     0x125c
 .debug_frame   0x0000000000000000       0xd4 ./src/Network/arp.o
 .debug_frame   0x00000000000000d4      0x2dc ./src/Network/enc28j60.o
 .debug_frame   0x00000000000003b0       0x74 ./src/Network/ethernet.o
 .debug_frame   0x0000000000000424       0x88 ./src/Network/icmp.o
 .debug_frame   0x00000000000004ac       0x54 ./src/Network/ip.o
 .debug_frame   0x0000000000000500       0x80 ./src/Network/network.o
 .debug_frame   0x0000000000000580      0x39c ./src/Network/tcp.o
 .debug_frame   0x000000000000091c      0x160 ./src/Network/udp.o
 .debug_frame   0x0000000000000a7c      0x128 ./src/main.o
 .debug_frame   0x0000000000000ba4      0x1a0 ./src/uart_lib.o
 .debug_frame   0x0000000000000d44      0x1a0 ./src/xprintf.o
 .debug_frame   0x0000000000000ee4       0xa0 ./HAL/peripherals/Source/mik32_hal_gpio.o
 .debug_frame   0x0000000000000f84      0x124 ./HAL/peripherals/Source/mik32_hal_pcc.o
 .debug_frame   0x00000000000010a8      0x1b4 ./HAL/peripherals/Source/mik32_hal_spi.o
